> use test
switched to db test
> show collections
employee
emptab
emptabs
inventory
movie
restaurent
student
> db.restaurent.find().limit(1).pretty();
{
        "_id" : ObjectId("636c96531a9a6f4f9d24e426"),
        "address" : {
                "building" : "2206",
                "coord" : [
                        -74.1377286,
                        40.6119572
                ],
                "street" : "Victory Boulevard",
                "zipcode" : "10314"
        },
        "borough" : "Staten Island",
        "cuisine" : "Jewish/Kosher",
        "grades" : [
                {
                        "date" : ISODate("2014-10-06T00:00:00Z"),
                        "grade" : "A",
                        "score" : 9
                },
                {
                        "date" : ISODate("2014-05-20T00:00:00Z"),
                        "grade" : "A",
                        "score" : 12
                },
                {
                        "date" : ISODate("2013-04-04T00:00:00Z"),
                        "grade" : "A",
                        "score" : 12
                },
                {
                        "date" : ISODate("2012-01-24T00:00:00Z"),
                        "grade" : "A",
                        "score" : 9
                }
        ],
        "name" : "Kosher Island",
        "restaurant_id" : "40356442"
}
> db.restaurent.find({score:{$gt:80,$lt:100}}).pretty();
> db.restaurent.find({'grades.score':{$gt:80,$lt:100}}).pretty();
{
        "_id" : ObjectId("636c96531a9a6f4f9d24e584"),
        "address" : {
                "building" : "65",
                "coord" : [
                        -73.9782725,
                        40.7624022
                ],
                "street" : "West   54 Street",
                "zipcode" : "10019"
        },
        "borough" : "Manhattan",
        "cuisine" : "American",
        "grades" : [
                {
                        "date" : ISODate("2014-08-22T00:00:00Z"),
                        "grade" : "A",
                        "score" : 11
                },
                {
                        "date" : ISODate("2014-03-28T00:00:00Z"),
                        "grade" : "C",
                        "score" : 131
                },
                {
                        "date" : ISODate("2013-09-25T00:00:00Z"),
                        "grade" : "A",
                        "score" : 11
                },
                {
                        "date" : ISODate("2013-04-08T00:00:00Z"),
                        "grade" : "B",
                        "score" : 25
                },
                {
                        "date" : ISODate("2012-10-15T00:00:00Z"),
                        "grade" : "A",
                        "score" : 11
                },
                {
                        "date" : ISODate("2011-10-19T00:00:00Z"),
                        "grade" : "A",
                        "score" : 13
                }
        ],
        "name" : "Murals On 54/Randolphs'S",
        "restaurant_id" : "40372466"
}
{
        "_id" : ObjectId("636c96531a9a6f4f9d24e639"),
        "address" : {
                "building" : "345",
                "coord" : [
                        -73.9864626,
                        40.7266739
                ],
                "street" : "East 6 Street",
                "zipcode" : "10003"
        },
        "borough" : "Manhattan",
        "cuisine" : "Indian",
        "grades" : [
                {
                        "date" : ISODate("2014-09-15T00:00:00Z"),
                        "grade" : "A",
                        "score" : 5
                },
                {
                        "date" : ISODate("2014-01-14T00:00:00Z"),
                        "grade" : "A",
                        "score" : 8
                },
                {
                        "date" : ISODate("2013-05-30T00:00:00Z"),
                        "grade" : "A",
                        "score" : 12
                },
                {
                        "date" : ISODate("2013-04-24T00:00:00Z"),
                        "grade" : "P",
                        "score" : 2
                },
                {
                        "date" : ISODate("2012-10-01T00:00:00Z"),
                        "grade" : "A",
                        "score" : 9
                },
                {
                        "date" : ISODate("2012-04-06T00:00:00Z"),
                        "grade" : "C",
                        "score" : 92
                },
                {
                        "date" : ISODate("2011-11-03T00:00:00Z"),
                        "grade" : "C",
                        "score" : 41
                }
        ],
        "name" : "Gandhi",
        "restaurant_id" : "40381295"
}
{
        "_id" : ObjectId("636c96531a9a6f4f9d24e785"),
        "address" : {
                "building" : "130",
                "coord" : [
                        -73.984758,
                        40.7457939
                ],
                "street" : "Madison Avenue",
                "zipcode" : "10016"
        },
        "borough" : "Manhattan",
        "cuisine" : "Pizza/Italian",
        "grades" : [
                {
                        "date" : ISODate("2014-12-24T00:00:00Z"),
                        "grade" : "Z",
                        "score" : 31
                },
                {
                        "date" : ISODate("2014-06-17T00:00:00Z"),
                        "grade" : "C",
                        "score" : 98
                },
                {
                        "date" : ISODate("2013-12-12T00:00:00Z"),
                        "grade" : "C",
                        "score" : 32
                },
                {
                        "date" : ISODate("2013-05-22T00:00:00Z"),
                        "grade" : "B",
                        "score" : 21
                },
                {
                        "date" : ISODate("2012-05-02T00:00:00Z"),
                        "grade" : "A",
                        "score" : 11
                }
        ],
        "name" : "Bella Napoli",
        "restaurant_id" : "40393488"
}
{
        "_id" : ObjectId("636c96531a9a6f4f9d24eff3"),
        "address" : {
                "building" : "",
                "coord" : [
                        -74.0163793,
                        40.7167671
                ],
                "street" : "Hudson River",
                "zipcode" : "10282"
        },
        "borough" : "Manhattan",
        "cuisine" : "American",
        "grades" : [
                {
                        "date" : ISODate("2014-06-27T00:00:00Z"),
                        "grade" : "C",
                        "score" : 89
                },
                {
                        "date" : ISODate("2013-06-06T00:00:00Z"),
                        "grade" : "A",
                        "score" : 6
                },
                {
                        "date" : ISODate("2012-06-19T00:00:00Z"),
                        "grade" : "A",
                        "score" : 13
                }
        ],
        "name" : "West 79Th Street Boat Basin Cafe",
        "restaurant_id" : "40756344"
}
{
        "_id" : ObjectId("636c96531a9a6f4f9d24f52c"),
        "address" : {
                "building" : "7705",
                "coord" : [
                        -73.8878704,
                        40.7435875
                ],
                "street" : "Woodside Avenue",
                "zipcode" : "11373"
        },
        "borough" : "Queens",
        "cuisine" : "Thai",
        "grades" : [
                {
                        "date" : ISODate("2014-05-12T00:00:00Z"),
                        "grade" : "B",
                        "score" : 14
                },
                {
                        "date" : ISODate("2013-11-20T00:00:00Z"),
                        "grade" : "C",
                        "score" : 84
                },
                {
                        "date" : ISODate("2012-09-18T00:00:00Z"),
                        "grade" : "A",
                        "score" : 11
                },
                {
                        "date" : ISODate("2012-05-03T00:00:00Z"),
                        "grade" : "B",
                        "score" : 23
                }
        ],
        "name" : "Spicy Shallot",
        "restaurant_id" : "40979431"
}
{
        "_id" : ObjectId("636c96531a9a6f4f9d24f561"),
        "address" : {
                "building" : "466",
                "coord" : [
                        -73.9747277,
                        40.7536114
                ],
                "street" : "Lexington Avenue",
                "zipcode" : "10017"
        },
        "borough" : "Manhattan",
        "cuisine" : "American",
        "grades" : [
                {
                        "date" : ISODate("2014-10-14T00:00:00Z"),
                        "grade" : "C",
                        "score" : 84
                },
                {
                        "date" : ISODate("2014-02-14T00:00:00Z"),
                        "grade" : "A",
                        "score" : 5
                },
                {
                        "date" : ISODate("2013-07-11T00:00:00Z"),
                        "grade" : "A",
                        "score" : 10
                },
                {
                        "date" : ISODate("2013-01-29T00:00:00Z"),
                        "grade" : "C",
                        "score" : 36
                },
                {
                        "date" : ISODate("2012-08-15T00:00:00Z"),
                        "grade" : "A",
                        "score" : 12
                },
                {
                        "date" : ISODate("2012-03-22T00:00:00Z"),
                        "grade" : "B",
                        "score" : 27
                }
        ],
        "name" : "Bistro Caterers",
        "restaurant_id" : "40987023"
}
{
        "_id" : ObjectId("636c96531a9a6f4f9d2506fa"),
        "address" : {
                "building" : "320",
                "coord" : [
                        -73.9934047,
                        40.7544014
                ],
                "street" : "West   37 Street",
                "zipcode" : "10018"
        },
        "borough" : "Manhattan",
        "cuisine" : "American",
        "grades" : [
                {
                        "date" : ISODate("2014-09-16T00:00:00Z"),
                        "grade" : "C",
                        "score" : 90
                },
                {
                        "date" : ISODate("2014-02-21T00:00:00Z"),
                        "grade" : "B",
                        "score" : 27
                },
                {
                        "date" : ISODate("2012-10-01T00:00:00Z"),
                        "grade" : "A",
                        "score" : 12
                },
                {
                        "date" : ISODate("2012-03-01T00:00:00Z"),
                        "grade" : "A",
                        "score" : 10
                }
        ],
        "name" : "Concrete Restaurant",
        "restaurant_id" : "41363541"
}
{
        "_id" : ObjectId("636c96531a9a6f4f9d250ae9"),
        "address" : {
                "building" : "222",
                "coord" : [
                        -73.9579033,
                        40.7332745
                ],
                "street" : "Franklin Street",
                "zipcode" : "11222"
        },
        "borough" : "Brooklyn",
        "cuisine" : "Italian",
        "grades" : [
                {
                        "date" : ISODate("2014-12-11T00:00:00Z"),
                        "grade" : "Z",
                        "score" : 18
                },
                {
                        "date" : ISODate("2013-10-31T00:00:00Z"),
                        "grade" : "A",
                        "score" : 12
                },
                {
                        "date" : ISODate("2013-03-20T00:00:00Z"),
                        "grade" : "B",
                        "score" : 24
                },
                {
                        "date" : ISODate("2012-07-18T00:00:00Z"),
                        "grade" : "B",
                        "score" : 18
                },
                {
                        "date" : ISODate("2012-01-12T00:00:00Z"),
                        "grade" : "C",
                        "score" : 81
                }
        ],
        "name" : "Anella",
        "restaurant_id" : "41410058"
}
{
        "_id" : ObjectId("636c96531a9a6f4f9d2517b0"),
        "address" : {
                "building" : "1724",
                "coord" : [
                        -73.94981,
                        40.780043
                ],
                "street" : "2 Avenue",
                "zipcode" : "10128"
        },
        "borough" : "Manhattan",
        "cuisine" : "Indian",
        "grades" : [
                {
                        "date" : ISODate("2014-09-25T00:00:00Z"),
                        "grade" : "A",
                        "score" : 7
                },
                {
                        "date" : ISODate("2014-03-20T00:00:00Z"),
                        "grade" : "A",
                        "score" : 12
                },
                {
                        "date" : ISODate("2013-09-09T00:00:00Z"),
                        "grade" : "B",
                        "score" : 21
                },
                {
                        "date" : ISODate("2013-03-25T00:00:00Z"),
                        "grade" : "B",
                        "score" : 18
                },
                {
                        "date" : ISODate("2012-08-15T00:00:00Z"),
                        "grade" : "A",
                        "score" : 11
                },
                {
                        "date" : ISODate("2011-12-23T00:00:00Z"),
                        "grade" : "C",
                        "score" : 98
                }
        ],
        "name" : "Baluchi'S Indian Food",
        "restaurant_id" : "41569277"
}
{
        "_id" : ObjectId("636c96531a9a6f4f9d25183e"),
        "address" : {
                "building" : "116",
                "coord" : [
                        -73.98978509999999,
                        40.7487912
                ],
                "street" : "West   32 Street",
                "zipcode" : "10001"
        },
        "borough" : "Manhattan",
        "cuisine" : "American",
        "grades" : [
                {
                        "date" : ISODate("2014-02-11T00:00:00Z"),
                        "grade" : "A",
                        "score" : 11
                },
                {
                        "date" : ISODate("2013-10-10T00:00:00Z"),
                        "grade" : "A",
                        "score" : 11
                },
                {
                        "date" : ISODate("2013-04-29T00:00:00Z"),
                        "grade" : "C",
                        "score" : 82
                },
                {
                        "date" : ISODate("2012-04-30T00:00:00Z"),
                        "grade" : "A",
                        "score" : 11
                },
                {
                        "date" : ISODate("2011-12-21T00:00:00Z"),
                        "grade" : "B",
                        "score" : 19
                },
                {
                        "date" : ISODate("2011-07-20T00:00:00Z"),
                        "grade" : "C",
                        "score" : 29
                }
        ],
        "name" : "Cafe R",
        "restaurant_id" : "41574642"
}
{
        "_id" : ObjectId("636c96541a9a6f4f9d252ce3"),
        "address" : {
                "building" : "5616",
                "coord" : [
                        -74.009993,
                        40.638865
                ],
                "street" : "7 Avenue",
                "zipcode" : "11220"
        },
        "borough" : "Brooklyn",
        "cuisine" : "Chinese",
        "grades" : [
                {
                        "date" : ISODate("2014-11-24T00:00:00Z"),
                        "grade" : "C",
                        "score" : 86
                },
                {
                        "date" : ISODate("2014-06-24T00:00:00Z"),
                        "grade" : "B",
                        "score" : 20
                },
                {
                        "date" : ISODate("2014-01-07T00:00:00Z"),
                        "grade" : "A",
                        "score" : 11
                },
                {
                        "date" : ISODate("2013-06-13T00:00:00Z"),
                        "grade" : "A",
                        "score" : 10
                }
        ],
        "name" : "D & Y Restaurant",
        "restaurant_id" : "50000040"
}
{
        "_id" : ObjectId("636c96541a9a6f4f9d254012"),
        "address" : {
                "building" : "1898",
                "coord" : [
                        -73.910439,
                        40.8499696
                ],
                "street" : "Jerome Avenue",
                "zipcode" : "10453"
        },
        "borough" : "Bronx",
        "cuisine" : "Latin (Cuban, Dominican, Puerto Rican, South & Central American)",
        "grades" : [
                {
                        "date" : ISODate("2015-01-06T00:00:00Z"),
                        "grade" : "A",
                        "score" : 10
                },
                {
                        "date" : ISODate("2014-10-07T00:00:00Z"),
                        "grade" : "C",
                        "score" : 82
                }
        ],
        "name" : "La Potencia Restaurant",
        "restaurant_id" : "50014192"
}
> db.restaurent.find({"address.coords.0":{$lt:-}}).pretty();
uncaught exception: SyntaxError: expected expression, got '}' :
@(shell):1:45
> db.restaurent.find({"address.coords.0":{$lt:-95}}).pretty();
> db.restaurent.find({"address.coord.0":{$lt:-95}}).pretty();
{
        "_id" : ObjectId("636c96531a9a6f4f9d24ea70"),
        "address" : {
                "building" : "3707",
                "coord" : [
                        -101.8945214,
                        33.5197474
                ],
                "street" : "82 Street",
                "zipcode" : "11372"
        },
        "borough" : "Queens",
        "cuisine" : "American",
        "grades" : [
                {
                        "date" : ISODate("2014-06-04T00:00:00Z"),
                        "grade" : "A",
                        "score" : 12
                },
                {
                        "date" : ISODate("2013-11-07T00:00:00Z"),
                        "grade" : "B",
                        "score" : 19
                },
                {
                        "date" : ISODate("2013-05-17T00:00:00Z"),
                        "grade" : "A",
                        "score" : 11
                },
                {
                        "date" : ISODate("2012-08-29T00:00:00Z"),
                        "grade" : "A",
                        "score" : 11
                },
                {
                        "date" : ISODate("2012-04-03T00:00:00Z"),
                        "grade" : "A",
                        "score" : 12
                },
                {
                        "date" : ISODate("2011-11-16T00:00:00Z"),
                        "grade" : "A",
                        "score" : 7
                }
        ],
        "name" : "Burger King",
        "restaurant_id" : "40534067"
}
{
        "_id" : ObjectId("636c96531a9a6f4f9d24edda"),
        "address" : {
                "building" : "15259",
                "coord" : [
                        -119.6368672,
                        36.2504996
                ],
                "street" : "10 Avenue",
                "zipcode" : "11357"
        },
        "borough" : "Queens",
        "cuisine" : "Italian",
        "grades" : [
                {
                        "date" : ISODate("2014-09-04T00:00:00Z"),
                        "grade" : "A",
                        "score" : 11
                },
                {
                        "date" : ISODate("2014-03-26T00:00:00Z"),
                        "grade" : "A",
                        "score" : 8
                },
                {
                        "date" : ISODate("2013-03-04T00:00:00Z"),
                        "grade" : "A",
                        "score" : 10
                },
                {
                        "date" : ISODate("2012-09-27T00:00:00Z"),
                        "grade" : "A",
                        "score" : 10
                },
                {
                        "date" : ISODate("2012-04-20T00:00:00Z"),
                        "grade" : "A",
                        "score" : 7
                },
                {
                        "date" : ISODate("2011-11-23T00:00:00Z"),
                        "grade" : "C",
                        "score" : 34
                }
        ],
        "name" : "Cascarino'S",
        "restaurant_id" : "40668681"
}
{
        "_id" : ObjectId("636c96531a9a6f4f9d24f27f"),
        "address" : {
                "building" : "60",
                "coord" : [
                        -111.9975205,
                        42.0970258
                ],
                "street" : "West Side Highway",
                "zipcode" : "10006"
        },
        "borough" : "Manhattan",
        "cuisine" : "Japanese",
        "grades" : [
                {
                        "date" : ISODate("2014-03-20T00:00:00Z"),
                        "grade" : "A",
                        "score" : 9
                },
                {
                        "date" : ISODate("2013-06-28T00:00:00Z"),
                        "grade" : "A",
                        "score" : 11
                },
                {
                        "date" : ISODate("2012-07-05T00:00:00Z"),
                        "grade" : "A",
                        "score" : 13
                },
                {
                        "date" : ISODate("2011-07-27T00:00:00Z"),
                        "grade" : "A",
                        "score" : 2
                }
        ],
        "name" : "Sports Center At Chelsea Piers (Sushi Bar)",
        "restaurant_id" : "40882356"
}
{
        "_id" : ObjectId("636c96531a9a6f4f9d24f467"),
        "address" : {
                "building" : "524",
                "coord" : [
                        -122.3870832,
                        37.7606086
                ],
                "street" : "Beach   20 Street",
                "zipcode" : "11691"
        },
        "borough" : "Queens",
        "cuisine" : "Pizza",
        "grades" : [
                {
                        "date" : ISODate("2014-09-24T00:00:00Z"),
                        "grade" : "Z",
                        "score" : 15
                },
                {
                        "date" : ISODate("2014-05-08T00:00:00Z"),
                        "grade" : "A",
                        "score" : 12
                },
                {
                        "date" : ISODate("2013-11-04T00:00:00Z"),
                        "grade" : "A",
                        "score" : 12
                },
                {
                        "date" : ISODate("2012-10-09T00:00:00Z"),
                        "grade" : "A",
                        "score" : 12
                },
                {
                        "date" : ISODate("2011-11-01T00:00:00Z"),
                        "grade" : "A",
                        "score" : 12
                }
        ],
        "name" : "Domino'S Pizza",
        "restaurant_id" : "40949724"
}
{
        "_id" : ObjectId("636c96531a9a6f4f9d24f4f2"),
        "address" : {
                "building" : "6822",
                "coord" : [
                        -115.2372343,
                        36.1836718
                ],
                "street" : "Fresh Meadows Lane",
                "zipcode" : "11365"
        },
        "borough" : "Queens",
        "cuisine" : "Pizza/Italian",
        "grades" : [
                {
                        "date" : ISODate("2014-03-08T00:00:00Z"),
                        "grade" : "A",
                        "score" : 10
                },
                {
                        "date" : ISODate("2013-02-13T00:00:00Z"),
                        "grade" : "A",
                        "score" : 5
                },
                {
                        "date" : ISODate("2012-07-16T00:00:00Z"),
                        "grade" : "A",
                        "score" : 9
                },
                {
                        "date" : ISODate("2011-07-12T00:00:00Z"),
                        "grade" : "A",
                        "score" : 5
                }
        ],
        "name" : "Angelo & Al'S Pizzeria",
        "restaurant_id" : "40969851"
}
{
        "_id" : ObjectId("636c96531a9a6f4f9d24fc31"),
        "address" : {
                "building" : "845",
                "coord" : [
                        -120.4599938,
                        36.8606752
                ],
                "street" : "U N Plaza",
                "zipcode" : "10017"
        },
        "borough" : "Manhattan",
        "cuisine" : "Japanese",
        "grades" : [
                {
                        "date" : ISODate("2014-10-02T00:00:00Z"),
                        "grade" : "A",
                        "score" : 11
                },
                {
                        "date" : ISODate("2014-03-21T00:00:00Z"),
                        "grade" : "A",
                        "score" : 11
                },
                {
                        "date" : ISODate("2013-04-16T00:00:00Z"),
                        "grade" : "B",
                        "score" : 16
                },
                {
                        "date" : ISODate("2012-05-08T00:00:00Z"),
                        "grade" : "A",
                        "score" : 13
                }
        ],
        "name" : "Megu Midtown",
        "restaurant_id" : "41167462"
}
{
        "_id" : ObjectId("636c96531a9a6f4f9d24fdcc"),
        "address" : {
                "building" : "4902",
                "coord" : [
                        -95.9220496,
                        36.0912513
                ],
                "street" : "East 49 Street",
                "zipcode" : "11203"
        },
        "borough" : "Brooklyn",
        "cuisine" : "Caribbean",
        "grades" : [
                {
                        "date" : ISODate("2014-06-17T00:00:00Z"),
                        "grade" : "A",
                        "score" : 12
                },
                {
                        "date" : ISODate("2013-06-18T00:00:00Z"),
                        "grade" : "A",
                        "score" : 9
                },
                {
                        "date" : ISODate("2013-01-31T00:00:00Z"),
                        "grade" : "A",
                        "score" : 9
                },
                {
                        "date" : ISODate("2012-08-09T00:00:00Z"),
                        "grade" : "A",
                        "score" : 3
                },
                {
                        "date" : ISODate("2012-07-24T00:00:00Z"),
                        "grade" : "P",
                        "score" : 2
                },
                {
                        "date" : ISODate("2012-03-08T00:00:00Z"),
                        "grade" : "B",
                        "score" : 15
                },
                {
                        "date" : ISODate("2011-10-03T00:00:00Z"),
                        "grade" : "A",
                        "score" : 7
                }
        ],
        "name" : "A&P Roti & Pastry Shop",
        "restaurant_id" : "41204137"
}
{
        "_id" : ObjectId("636c96531a9a6f4f9d25016f"),
        "address" : {
                "building" : "20915",
                "coord" : [
                        -99.0640336,
                        40.7284015
                ],
                "street" : "East   56 Street",
                "zipcode" : "10022"
        },
        "borough" : "Manhattan",
        "cuisine" : "Italian",
        "grades" : [
                {
                        "date" : ISODate("2014-06-12T00:00:00Z"),
                        "grade" : "A",
                        "score" : 13
                },
                {
                        "date" : ISODate("2014-01-09T00:00:00Z"),
                        "grade" : "A",
                        "score" : 13
                },
                {
                        "date" : ISODate("2013-05-31T00:00:00Z"),
                        "grade" : "A",
                        "score" : 10
                },
                {
                        "date" : ISODate("2012-09-27T00:00:00Z"),
                        "grade" : "A",
                        "score" : 2
                },
                {
                        "date" : ISODate("2012-03-28T00:00:00Z"),
                        "grade" : "A",
                        "score" : 12
                },
                {
                        "date" : ISODate("2011-09-23T00:00:00Z"),
                        "grade" : "C",
                        "score" : 13
                }
        ],
        "name" : "Fiorini",
        "restaurant_id" : "41270541"
}
{
        "_id" : ObjectId("636c96531a9a6f4f9d2501d1"),
        "address" : {
                "building" : "5602",
                "coord" : [
                        -119.565005,
                        36.3924905
                ],
                "street" : "6 Avenue",
                "zipcode" : "11220"
        },
        "borough" : "Brooklyn",
        "cuisine" : "Middle Eastern",
        "grades" : [
                {
                        "date" : ISODate("2014-06-11T00:00:00Z"),
                        "grade" : "A",
                        "score" : 9
                },
                {
                        "date" : ISODate("2013-09-21T00:00:00Z"),
                        "grade" : "A",
                        "score" : 10
                },
                {
                        "date" : ISODate("2012-06-16T00:00:00Z"),
                        "grade" : "A",
                        "score" : 9
                }
        ],
        "name" : "Widdi Hall",
        "restaurant_id" : "41276825"
}
{
        "_id" : ObjectId("636c96531a9a6f4f9d250362"),
        "address" : {
                "building" : "13620",
                "coord" : [
                        -104.2081266,
                        39.6086401
                ],
                "street" : "38 Avenue",
                "zipcode" : "11354"
        },
        "borough" : "Queens",
        "cuisine" : "Café/Coffee/Tea",
        "grades" : [
                {
                        "date" : ISODate("2014-01-07T00:00:00Z"),
                        "grade" : "A",
                        "score" : 4
                },
                {
                        "date" : ISODate("2013-01-02T00:00:00Z"),
                        "grade" : "A",
                        "score" : 7
                }
        ],
        "name" : "Rose House",
        "restaurant_id" : "41303891"
}
{
        "_id" : ObjectId("636c96531a9a6f4f9d2503ec"),
        "address" : {
                "building" : "10718",
                "coord" : [
                        -95.3356714,
                        37.4710885
                ],
                "street" : "70 Road",
                "zipcode" : "11375"
        },
        "borough" : "Queens",
        "cuisine" : "Asian",
        "grades" : [
                {
                        "date" : ISODate("2014-10-15T00:00:00Z"),
                        "grade" : "B",
                        "score" : 26
                },
                {
                        "date" : ISODate("2014-05-15T00:00:00Z"),
                        "grade" : "C",
                        "score" : 46
                },
                {
                        "date" : ISODate("2013-10-08T00:00:00Z"),
                        "grade" : "A",
                        "score" : 5
                },
                {
                        "date" : ISODate("2013-05-28T00:00:00Z"),
                        "grade" : "C",
                        "score" : 11
                },
                {
                        "date" : ISODate("2012-09-17T00:00:00Z"),
                        "grade" : "B",
                        "score" : 19
                },
                {
                        "date" : ISODate("2012-04-11T00:00:00Z"),
                        "grade" : "A",
                        "score" : 9
                },
                {
                        "date" : ISODate("2011-11-25T00:00:00Z"),
                        "grade" : "A",
                        "score" : 6
                }
        ],
        "name" : "Moca Asian Bistro",
        "restaurant_id" : "41310853"
}
{
        "_id" : ObjectId("636c96531a9a6f4f9d2504c2"),
        "address" : {
                "building" : "13357",
                "coord" : [
                        -108.306687,
                        38.0890517
                ],
                "street" : "41 Road",
                "zipcode" : "11355"
        },
        "borough" : "Queens",
        "cuisine" : "Bakery",
        "grades" : [
                {
                        "date" : ISODate("2014-04-14T00:00:00Z"),
                        "grade" : "A",
                        "score" : 11
                },
                {
                        "date" : ISODate("2013-04-10T00:00:00Z"),
                        "grade" : "A",
                        "score" : 5
                },
                {
                        "date" : ISODate("2012-04-05T00:00:00Z"),
                        "grade" : "A",
                        "score" : 11
                },
                {
                        "date" : ISODate("2011-11-09T00:00:00Z"),
                        "grade" : "A",
                        "score" : 8
                },
                {
                        "date" : ISODate("2011-06-22T00:00:00Z"),
                        "grade" : "A",
                        "score" : 9
                }
        ],
        "name" : "New Sun Mary Bakery",
        "restaurant_id" : "41323353"
}
{
        "_id" : ObjectId("636c96531a9a6f4f9d250f7d"),
        "address" : {
                "building" : "24-28",
                "coord" : [
                        -105.7857603,
                        39.9472999
                ],
                "street" : "Hughes Avenue",
                "zipcode" : "10458"
        },
        "borough" : "Bronx",
        "cuisine" : "Mexican",
        "grades" : [
                {
                        "date" : ISODate("2014-12-04T00:00:00Z"),
                        "grade" : "A",
                        "score" : 13
                },
                {
                        "date" : ISODate("2014-06-28T00:00:00Z"),
                        "grade" : "A",
                        "score" : 12
                },
                {
                        "date" : ISODate("2013-05-02T00:00:00Z"),
                        "grade" : "A",
                        "score" : 12
                }
        ],
        "name" : "El Oasis Bar Restaurant",
        "restaurant_id" : "41469687"
}
{
        "_id" : ObjectId("636c96531a9a6f4f9d251305"),
        "address" : {
                "building" : "13617",
                "coord" : [
                        -104.8340205,
                        39.7691992
                ],
                "street" : "38 Avenue",
                "zipcode" : "11354"
        },
        "borough" : "Queens",
        "cuisine" : "Chinese/Japanese",
        "grades" : [
                {
                        "date" : ISODate("2014-12-04T00:00:00Z"),
                        "grade" : "A",
                        "score" : 9
                },
                {
                        "date" : ISODate("2014-06-25T00:00:00Z"),
                        "grade" : "A",
                        "score" : 8
                },
                {
                        "date" : ISODate("2013-12-11T00:00:00Z"),
                        "grade" : "A",
                        "score" : 13
                },
                {
                        "date" : ISODate("2013-06-19T00:00:00Z"),
                        "grade" : "A",
                        "score" : 10
                },
                {
                        "date" : ISODate("2012-06-27T00:00:00Z"),
                        "grade" : "A",
                        "score" : 7
                },
                {
                        "date" : ISODate("2011-12-07T00:00:00Z"),
                        "grade" : "B",
                        "score" : 17
                }
        ],
        "name" : "Minni Shabu Shabu",
        "restaurant_id" : "41513285"
}
{
        "_id" : ObjectId("636c96531a9a6f4f9d2514be"),
        "address" : {
                "building" : "5371",
                "coord" : [
                        -119.6684796,
                        36.3280082
                ],
                "street" : "Kings Plaza Mall",
                "zipcode" : "11234"
        },
        "borough" : "Brooklyn",
        "cuisine" : "Ice Cream, Gelato, Yogurt, Ices",
        "grades" : [
                {
                        "date" : ISODate("2014-12-08T00:00:00Z"),
                        "grade" : "B",
                        "score" : 14
                },
                {
                        "date" : ISODate("2014-06-26T00:00:00Z"),
                        "grade" : "A",
                        "score" : 10
                },
                {
                        "date" : ISODate("2013-05-23T00:00:00Z"),
                        "grade" : "A",
                        "score" : 10
                },
                {
                        "date" : ISODate("2012-06-05T00:00:00Z"),
                        "grade" : "A",
                        "score" : 7
                }
        ],
        "name" : "Everything Yogurt/Gretel'S Pretzels",
        "restaurant_id" : "41539001"
}
{
        "_id" : ObjectId("636c96531a9a6f4f9d251717"),
        "address" : {
                "building" : "15059",
                "coord" : [
                        -114.6787351,
                        33.4631523
                ],
                "street" : "34 Avenue",
                "zipcode" : "11354"
        },
        "borough" : "Queens",
        "cuisine" : "Delicatessen",
        "grades" : [
                {
                        "date" : ISODate("2014-09-04T00:00:00Z"),
                        "grade" : "A",
                        "score" : 7
                },
                {
                        "date" : ISODate("2013-08-29T00:00:00Z"),
                        "grade" : "A",
                        "score" : 3
                },
                {
                        "date" : ISODate("2013-04-08T00:00:00Z"),
                        "grade" : "A",
                        "score" : 12
                }
        ],
        "name" : "George'S Sidestreet Deli & Grill",
        "restaurant_id" : "41563549"
}
{
        "_id" : ObjectId("636c96531a9a6f4f9d25198a"),
        "address" : {
                "building" : "30012",
                "coord" : [
                        -100.707166,
                        47.13706149999999
                ],
                "street" : "East   52 Street",
                "zipcode" : "10022"
        },
        "borough" : "Manhattan",
        "cuisine" : "Mediterranean",
        "grades" : [
                {
                        "date" : ISODate("2014-06-26T00:00:00Z"),
                        "grade" : "A",
                        "score" : 10
                },
                {
                        "date" : ISODate("2013-12-10T00:00:00Z"),
                        "grade" : "A",
                        "score" : 5
                },
                {
                        "date" : ISODate("2013-05-01T00:00:00Z"),
                        "grade" : "A",
                        "score" : 13
                },
                {
                        "date" : ISODate("2012-02-23T00:00:00Z"),
                        "grade" : "A",
                        "score" : 10
                },
                {
                        "date" : ISODate("2011-10-18T00:00:00Z"),
                        "grade" : "A",
                        "score" : 12
                }
        ],
        "name" : "Pierre Loti Midtown",
        "restaurant_id" : "41588029"
}
{
        "_id" : ObjectId("636c96531a9a6f4f9d251f7d"),
        "address" : {
                "building" : "7608",
                "coord" : [
                        -121.4158208,
                        38.5319584
                ],
                "street" : "21St Ave",
                "zipcode" : "11370"
        },
        "borough" : "Bronx",
        "cuisine" : "Italian",
        "grades" : [
                {
                        "date" : ISODate("2014-10-01T00:00:00Z"),
                        "grade" : "C",
                        "score" : 32
                },
                {
                        "date" : ISODate("2014-03-13T00:00:00Z"),
                        "grade" : "B",
                        "score" : 18
                },
                {
                        "date" : ISODate("2013-05-21T00:00:00Z"),
                        "grade" : "A",
                        "score" : 9
                },
                {
                        "date" : ISODate("2012-11-27T00:00:00Z"),
                        "grade" : "A",
                        "score" : 12
                },
                {
                        "date" : ISODate("2012-02-27T00:00:00Z"),
                        "grade" : "A",
                        "score" : 2
                }
        ],
        "name" : "Antonio'S",
        "restaurant_id" : "41636621"
}
{
        "_id" : ObjectId("636c96531a9a6f4f9d25240e"),
        "address" : {
                "building" : "1418",
                "coord" : [
                        -97.40487,
                        27.7767669
                ],
                "street" : "Elizabeth Street",
                "zipcode" : "10013"
        },
        "borough" : "Manhattan",
        "cuisine" : "Chinese",
        "grades" : [
                {
                        "date" : ISODate("2014-03-17T00:00:00Z"),
                        "grade" : "A",
                        "score" : 8
                },
                {
                        "date" : ISODate("2013-09-20T00:00:00Z"),
                        "grade" : "A",
                        "score" : 10
                },
                {
                        "date" : ISODate("2013-04-08T00:00:00Z"),
                        "grade" : "A",
                        "score" : 10
                },
                {
                        "date" : ISODate("2012-09-25T00:00:00Z"),
                        "grade" : "A",
                        "score" : 5
                }
        ],
        "name" : "Mini Express",
        "restaurant_id" : "41672159"
}
{
        "_id" : ObjectId("636c96531a9a6f4f9d25242b"),
        "address" : {
                "building" : "0",
                "coord" : [
                        -157.8887924,
                        21.3158403
                ],
                "street" : "Pier   86",
                "zipcode" : "10036"
        },
        "borough" : "Manhattan",
        "cuisine" : "Sandwiches/Salads/Mixed Buffet",
        "grades" : [
                {
                        "date" : ISODate("2014-12-30T00:00:00Z"),
                        "grade" : "Z",
                        "score" : 24
                },
                {
                        "date" : ISODate("2014-06-27T00:00:00Z"),
                        "grade" : "A",
                        "score" : 3
                },
                {
                        "date" : ISODate("2013-06-05T00:00:00Z"),
                        "grade" : "A",
                        "score" : 2
                },
                {
                        "date" : ISODate("2012-07-23T00:00:00Z"),
                        "grade" : "A",
                        "score" : 11
                }
        ],
        "name" : "Au Bon Pain",
        "restaurant_id" : "41673043"
}
Type "it" for more
> db.restaurent.find({cuisine:{$ne:'American'},'grades.grade':'A',"borough":{$ne:'Brooklyn'}}).sort({cuisine:-1});
{ "_id" : ObjectId("636c96531a9a6f4f9d24eb2f"), "address" : { "building" : "89", "coord" : [ -73.9995899, 40.7168015 ], "street" : "Baxter Street", "zipcode" : "10013" }, "borough" : "Manhattan", "cuisine" : "Vietnamese/Cambodian/Malaysia", "grades" : [ { "date" : ISODate("2014-08-21T00:00:00Z"), "grade" : "A", "score" : 13 }, { "date" : ISODate("2013-08-31T00:00:00Z"), "grade" : "A", "score" : 13 }, { "date" : ISODate("2013-04-11T00:00:00Z"), "grade" : "C", "score" : 3 }, { "date" : ISODate("2012-10-17T00:00:00Z"), "grade" : "A", "score" : 4 }, { "date" : ISODate("2012-05-15T00:00:00Z"), "grade" : "A", "score" : 10 } ], "name" : "Thai Son", "restaurant_id" : "40559606" }
{ "_id" : ObjectId("636c96531a9a6f4f9d24ebea"), "address" : { "building" : "8278", "coord" : [ -73.88143509999999, 40.7412552 ], "street" : "Broadway", "zipcode" : "11373" }, "borough" : "Queens", "cuisine" : "Vietnamese/Cambodian/Malaysia", "grades" : [ { "date" : ISODate("2014-06-12T00:00:00Z"), "grade" : "B", "score" : 21 }, { "date" : ISODate("2013-05-20T00:00:00Z"), "grade" : "A", "score" : 13 }, { "date" : ISODate("2012-12-26T00:00:00Z"), "grade" : "A", "score" : 10 }, { "date" : ISODate("2012-12-03T00:00:00Z"), "grade" : "P", "score" : 5 }, { "date" : ISODate("2012-05-04T00:00:00Z"), "grade" : "B", "score" : 27 } ], "name" : "Pho Bac Vietnamese Seafood Cuisine", "restaurant_id" : "40578058" }
{ "_id" : ObjectId("636c96531a9a6f4f9d24efd8"), "address" : { "building" : "148", "coord" : [ -74.000254, 40.7172727 ], "street" : "Centre Street", "zipcode" : "10013" }, "borough" : "Manhattan", "cuisine" : "Vietnamese/Cambodian/Malaysia", "grades" : [ { "date" : ISODate("2014-10-01T00:00:00Z"), "grade" : "A", "score" : 7 }, { "date" : ISODate("2014-05-19T00:00:00Z"), "grade" : "C", "score" : 5 }, { "date" : ISODate("2013-11-15T00:00:00Z"), "grade" : "B", "score" : 14 }, { "date" : ISODate("2013-03-08T00:00:00Z"), "grade" : "B", "score" : 25 }, { "date" : ISODate("2012-05-22T00:00:00Z"), "grade" : "B", "score" : 23 }, { "date" : ISODate("2011-10-27T00:00:00Z"), "grade" : "A", "score" : 9 } ], "name" : "Nha-Trang Centre Vietnam Restaurant", "restaurant_id" : "40751226" }
{ "_id" : ObjectId("636c96531a9a6f4f9d24f2e9"), "address" : { "building" : "158", "coord" : [ -74.0025903, 40.7443077 ], "street" : "9 Avenue", "zipcode" : "10011" }, "borough" : "Manhattan", "cuisine" : "Vietnamese/Cambodian/Malaysia", "grades" : [ { "date" : ISODate("2014-07-15T00:00:00Z"), "grade" : "A", "score" : 11 }, { "date" : ISODate("2014-01-14T00:00:00Z"), "grade" : "A", "score" : 9 }, { "date" : ISODate("2013-04-16T00:00:00Z"), "grade" : "B", "score" : 18 }, { "date" : ISODate("2012-02-15T00:00:00Z"), "grade" : "A", "score" : 7 } ], "name" : "O-Mai", "restaurant_id" : "40903063" }
{ "_id" : ObjectId("636c96531a9a6f4f9d24f580"), "address" : { "building" : "87", "coord" : [ -73.99961909999999, 40.7167408 ], "street" : "Baxter Street", "zipcode" : "10013" }, "borough" : "Manhattan", "cuisine" : "Vietnamese/Cambodian/Malaysia", "grades" : [ { "date" : ISODate("2015-01-06T00:00:00Z"), "grade" : "A", "score" : 11 }, { "date" : ISODate("2014-01-23T00:00:00Z"), "grade" : "A", "score" : 10 }, { "date" : ISODate("2013-01-08T00:00:00Z"), "grade" : "A", "score" : 13 }, { "date" : ISODate("2012-06-05T00:00:00Z"), "grade" : "A", "score" : 10 } ], "name" : "Nha Trang Restaurant", "restaurant_id" : "40989220" }
{ "_id" : ObjectId("636c96531a9a6f4f9d24f622"), "address" : { "building" : "80", "coord" : [ -73.99862900000001, 40.7158191 ], "street" : "Bayard Street", "zipcode" : "10013" }, "borough" : "Manhattan", "cuisine" : "Vietnamese/Cambodian/Malaysia", "grades" : [ { "date" : ISODate("2014-11-07T00:00:00Z"), "grade" : "B", "score" : 27 }, { "date" : ISODate("2014-07-05T00:00:00Z"), "grade" : "B", "score" : 27 }, { "date" : ISODate("2013-10-29T00:00:00Z"), "grade" : "A", "score" : 2 }, { "date" : ISODate("2013-06-28T00:00:00Z"), "grade" : "C", "score" : 5 }, { "date" : ISODate("2013-01-22T00:00:00Z"), "grade" : "B", "score" : 14 }, { "date" : ISODate("2012-07-18T00:00:00Z"), "grade" : "C", "score" : 42 }, { "date" : ISODate("2012-02-10T00:00:00Z"), "grade" : "A", "score" : 13 } ], "name" : "New Bo Ky Restaurant", "restaurant_id" : "41005330" }
{ "_id" : ObjectId("636c96531a9a6f4f9d24f6e4"), "address" : { "building" : "156-32", "coord" : [ -73.8087286, 40.7639199 ], "street" : "Northern Boulevard", "zipcode" : "11354" }, "borough" : "Queens", "cuisine" : "Vietnamese/Cambodian/Malaysia", "grades" : [ { "date" : ISODate("2014-09-11T00:00:00Z"), "grade" : "A", "score" : 13 }, { "date" : ISODate("2014-04-08T00:00:00Z"), "grade" : "A", "score" : 11 }, { "date" : ISODate("2013-10-07T00:00:00Z"), "grade" : "A", "score" : 12 }, { "date" : ISODate("2012-09-13T00:00:00Z"), "grade" : "A", "score" : 2 }, { "date" : ISODate("2012-04-26T00:00:00Z"), "grade" : "A", "score" : 7 }, { "date" : ISODate("2011-11-09T00:00:00Z"), "grade" : "A", "score" : 10 } ], "name" : "Mekong Thai And Vietnamese Restaurant", "restaurant_id" : "41022628" }
{ "_id" : ObjectId("636c96531a9a6f4f9d24f717"), "address" : { "building" : "2", "coord" : [ -73.9862038, 40.747189 ], "street" : "West   32 Street", "zipcode" : "10001" }, "borough" : "Manhattan", "cuisine" : "Vietnamese/Cambodian/Malaysia", "grades" : [ { "date" : ISODate("2014-12-01T00:00:00Z"), "grade" : "Z", "score" : 18 }, { "date" : ISODate("2014-05-27T00:00:00Z"), "grade" : "A", "score" : 12 }, { "date" : ISODate("2013-10-01T00:00:00Z"), "grade" : "B", "score" : 17 }, { "date" : ISODate("2012-09-21T00:00:00Z"), "grade" : "A", "score" : 7 }, { "date" : ISODate("2012-03-05T00:00:00Z"), "grade" : "A", "score" : 13 } ], "name" : "Pho 32 & Shabu", "restaurant_id" : "41026002" }
{ "_id" : ObjectId("636c96531a9a6f4f9d24f82d"), "address" : { "building" : "345", "coord" : [ -74.0102595, 40.7184972 ], "street" : "Greenwich Street", "zipcode" : "10013" }, "borough" : "Manhattan", "cuisine" : "Vietnamese/Cambodian/Malaysia", "grades" : [ { "date" : ISODate("2014-08-22T00:00:00Z"), "grade" : "A", "score" : 9 }, { "date" : ISODate("2014-03-15T00:00:00Z"), "grade" : "B", "score" : 18 }, { "date" : ISODate("2012-10-17T00:00:00Z"), "grade" : "A", "score" : 10 }, { "date" : ISODate("2012-05-08T00:00:00Z"), "grade" : "B", "score" : 19 }, { "date" : ISODate("2011-12-16T00:00:00Z"), "grade" : "A", "score" : 12 } ], "name" : "Viet Cafe", "restaurant_id" : "41063946" }
{ "_id" : ObjectId("636c96531a9a6f4f9d24fb22"), "address" : { "building" : "4107", "coord" : [ -73.8293161, 40.7583823 ], "street" : "Kissena Boulevard", "zipcode" : "11355" }, "borough" : "Queens", "cuisine" : "Vietnamese/Cambodian/Malaysia", "grades" : [ { "date" : ISODate("2014-11-13T00:00:00Z"), "grade" : "A", "score" : 10 }, { "date" : ISODate("2014-05-20T00:00:00Z"), "grade" : "A", "score" : 8 }, { "date" : ISODate("2013-10-16T00:00:00Z"), "grade" : "B", "score" : 22 }, { "date" : ISODate("2013-03-20T00:00:00Z"), "grade" : "B", "score" : 18 }, { "date" : ISODate("2012-08-01T00:00:00Z"), "grade" : "B", "score" : 16 }, { "date" : ISODate("2011-12-14T00:00:00Z"), "grade" : "B", "score" : 17 } ], "name" : "Pho Bang Restaurant", "restaurant_id" : "41145163" }
{ "_id" : ObjectId("636c96531a9a6f4f9d24fd07"), "address" : { "building" : "342", "coord" : [ -73.986646, 40.7264594 ], "street" : "East 6 Street", "zipcode" : "10003" }, "borough" : "Manhattan", "cuisine" : "Vietnamese/Cambodian/Malaysia", "grades" : [ { "date" : ISODate("2014-12-04T00:00:00Z"), "grade" : "A", "score" : 11 }, { "date" : ISODate("2014-06-27T00:00:00Z"), "grade" : "A", "score" : 8 }, { "date" : ISODate("2013-07-30T00:00:00Z"), "grade" : "A", "score" : 13 }, { "date" : ISODate("2012-05-31T00:00:00Z"), "grade" : "A", "score" : 10 } ], "name" : "Lan Cafe", "restaurant_id" : "41184550" }
{ "_id" : ObjectId("636c96531a9a6f4f9d24fdb7"), "address" : { "building" : "18", "coord" : [ -74.0034562, 40.7275645 ], "street" : "King Street", "zipcode" : "10014" }, "borough" : "Manhattan", "cuisine" : "Vietnamese/Cambodian/Malaysia", "grades" : [ { "date" : ISODate("2014-02-18T00:00:00Z"), "grade" : "A", "score" : 12 }, { "date" : ISODate("2013-08-20T00:00:00Z"), "grade" : "A", "score" : 10 }, { "date" : ISODate("2013-03-05T00:00:00Z"), "grade" : "C", "score" : 45 }, { "date" : ISODate("2012-04-06T00:00:00Z"), "grade" : "B", "score" : 19 }, { "date" : ISODate("2011-09-22T00:00:00Z"), "grade" : "A", "score" : 9 } ], "name" : "New Mekong Restaurant", "restaurant_id" : "41202673" }
{ "_id" : ObjectId("636c96531a9a6f4f9d24fe83"), "address" : { "building" : "4010", "coord" : [ -73.8915947, 40.746408 ], "street" : "74 Street", "zipcode" : "11373" }, "borough" : "Queens", "cuisine" : "Vietnamese/Cambodian/Malaysia", "grades" : [ { "date" : ISODate("2014-08-12T00:00:00Z"), "grade" : "A", "score" : 7 }, { "date" : ISODate("2014-01-09T00:00:00Z"), "grade" : "B", "score" : 25 }, { "date" : ISODate("2013-06-25T00:00:00Z"), "grade" : "A", "score" : 13 }, { "date" : ISODate("2012-05-07T00:00:00Z"), "grade" : "A", "score" : 12 }, { "date" : ISODate("2011-12-28T00:00:00Z"), "grade" : "A", "score" : 12 } ], "name" : "Thai Son", "restaurant_id" : "41221266" }
{ "_id" : ObjectId("636c96531a9a6f4f9d250090"), "address" : { "building" : "369", "coord" : [ -73.9959432, 40.7200254 ], "street" : "Broome Street", "zipcode" : "10013" }, "borough" : "Manhattan", "cuisine" : "Vietnamese/Cambodian/Malaysia", "grades" : [ { "date" : ISODate("2014-08-01T00:00:00Z"), "grade" : "A", "score" : 9 }, { "date" : ISODate("2014-02-11T00:00:00Z"), "grade" : "A", "score" : 13 }, { "date" : ISODate("2013-01-24T00:00:00Z"), "grade" : "A", "score" : 12 }, { "date" : ISODate("2012-06-22T00:00:00Z"), "grade" : "A", "score" : 5 }, { "date" : ISODate("2012-01-18T00:00:00Z"), "grade" : "A", "score" : 2 } ], "name" : "Saigon Vietnamese Sandwich", "restaurant_id" : "41254832" }
{ "_id" : ObjectId("636c96531a9a6f4f9d25059b"), "address" : { "building" : "82-90", "coord" : [ -73.8848687, 40.743896 ], "street" : "Broadway", "zipcode" : "11373" }, "borough" : "Queens", "cuisine" : "Vietnamese/Cambodian/Malaysia", "grades" : [ { "date" : ISODate("2014-07-02T00:00:00Z"), "grade" : "B", "score" : 26 }, { "date" : ISODate("2013-10-23T00:00:00Z"), "grade" : "B", "score" : 18 }, { "date" : ISODate("2013-05-30T00:00:00Z"), "grade" : "B", "score" : 22 }, { "date" : ISODate("2012-12-18T00:00:00Z"), "grade" : "A", "score" : 7 }, { "date" : ISODate("2012-09-04T00:00:00Z"), "grade" : "C", "score" : 10 }, { "date" : ISODate("2012-02-24T00:00:00Z"), "grade" : "B", "score" : 17 } ], "name" : "Pho Bang Restaurant", "restaurant_id" : "41338955" }
{ "_id" : ObjectId("636c96531a9a6f4f9d2507c8"), "address" : { "building" : "102", "coord" : [ -73.99543899999999, 40.717846 ], "street" : "Bowery", "zipcode" : "10013" }, "borough" : "Manhattan", "cuisine" : "Vietnamese/Cambodian/Malaysia", "grades" : [ { "date" : ISODate("2014-12-20T00:00:00Z"), "grade" : "A", "score" : 13 }, { "date" : ISODate("2014-07-08T00:00:00Z"), "grade" : "A", "score" : 11 }, { "date" : ISODate("2013-11-25T00:00:00Z"), "grade" : "A", "score" : 6 }, { "date" : ISODate("2013-04-04T00:00:00Z"), "grade" : "B", "score" : 15 }, { "date" : ISODate("2012-08-21T00:00:00Z"), "grade" : "A", "score" : 13 }, { "date" : ISODate("2012-03-22T00:00:00Z"), "grade" : "A", "score" : 13 } ], "name" : "New Tu Do Restaurant", "restaurant_id" : "41374711" }
{ "_id" : ObjectId("636c96531a9a6f4f9d2507ca"), "address" : { "building" : "277", "coord" : [ -73.9927639, 40.717627 ], "street" : "Grand Street", "zipcode" : "10002" }, "borough" : "Manhattan", "cuisine" : "Vietnamese/Cambodian/Malaysia", "grades" : [ { "date" : ISODate("2014-04-09T00:00:00Z"), "grade" : "A", "score" : 12 }, { "date" : ISODate("2013-09-09T00:00:00Z"), "grade" : "A", "score" : 10 }, { "date" : ISODate("2013-04-24T00:00:00Z"), "grade" : "C", "score" : 0 }, { "date" : ISODate("2012-06-22T00:00:00Z"), "grade" : "A", "score" : 12 }, { "date" : ISODate("2011-11-18T00:00:00Z"), "grade" : "A", "score" : 11 }, { "date" : ISODate("2011-04-20T00:00:00Z"), "grade" : "B", "score" : 15 } ], "name" : "Pho Grand", "restaurant_id" : "41375457" }
{ "_id" : ObjectId("636c96531a9a6f4f9d250821"), "address" : { "building" : "3802", "coord" : [ -73.83283279999999, 40.7600184 ], "street" : "Prince Street", "zipcode" : "11354" }, "borough" : "Queens", "cuisine" : "Vietnamese/Cambodian/Malaysia", "grades" : [ { "date" : ISODate("2014-06-02T00:00:00Z"), "grade" : "A", "score" : 9 }, { "date" : ISODate("2013-12-03T00:00:00Z"), "grade" : "A", "score" : 11 }, { "date" : ISODate("2012-07-19T00:00:00Z"), "grade" : "A", "score" : 7 }, { "date" : ISODate("2012-03-06T00:00:00Z"), "grade" : "A", "score" : 9 } ], "name" : "Pho Vietnamese Restaurant", "restaurant_id" : "41379217" }
{ "_id" : ObjectId("636c96531a9a6f4f9d2508ca"), "address" : { "building" : "85", "coord" : [ -73.9904772, 40.7179481 ], "street" : "Orchard Street", "zipcode" : "10002" }, "borough" : "Manhattan", "cuisine" : "Vietnamese/Cambodian/Malaysia", "grades" : [ { "date" : ISODate("2014-12-18T00:00:00Z"), "grade" : "A", "score" : 5 }, { "date" : ISODate("2013-12-03T00:00:00Z"), "grade" : "A", "score" : 4 }, { "date" : ISODate("2013-06-19T00:00:00Z"), "grade" : "A", "score" : 9 }, { "date" : ISODate("2012-11-21T00:00:00Z"), "grade" : "B", "score" : 20 }, { "date" : ISODate("2012-05-09T00:00:00Z"), "grade" : "A", "score" : 9 } ], "name" : "An Choi", "restaurant_id" : "41386399" }
{ "_id" : ObjectId("636c96531a9a6f4f9d250b37"), "address" : { "building" : "120", "coord" : [ -74.005578, 40.732983 ], "street" : "Christopher Street", "zipcode" : "10014" }, "borough" : "Manhattan", "cuisine" : "Vietnamese/Cambodian/Malaysia", "grades" : [ { "date" : ISODate("2014-09-16T00:00:00Z"), "grade" : "A", "score" : 13 }, { "date" : ISODate("2014-04-28T00:00:00Z"), "grade" : "C", "score" : 2 }, { "date" : ISODate("2013-02-28T00:00:00Z"), "grade" : "A", "score" : 10 }, { "date" : ISODate("2012-10-19T00:00:00Z"), "grade" : "C", "score" : 5 }, { "date" : ISODate("2012-05-02T00:00:00Z"), "grade" : "B", "score" : 20 }, { "date" : ISODate("2011-11-14T00:00:00Z"), "grade" : "A", "score" : 7 } ], "name" : "Baoguette Pho Sure", "restaurant_id" : "41414673" }
Type "it" for more
> db.restaurent.find({cuisine:{$ne:'American'},'grades.grade':'A',"borough":{$ne:'Brooklyn'}}).sort({cuisine:-1}).pretty();
{
        "_id" : ObjectId("636c96531a9a6f4f9d24eb2f"),
        "address" : {
                "building" : "89",
                "coord" : [
                        -73.9995899,
                        40.7168015
                ],
                "street" : "Baxter Street",
                "zipcode" : "10013"
        },
        "borough" : "Manhattan",
        "cuisine" : "Vietnamese/Cambodian/Malaysia",
        "grades" : [
                {
                        "date" : ISODate("2014-08-21T00:00:00Z"),
                        "grade" : "A",
                        "score" : 13
                },
                {
                        "date" : ISODate("2013-08-31T00:00:00Z"),
                        "grade" : "A",
                        "score" : 13
                },
                {
                        "date" : ISODate("2013-04-11T00:00:00Z"),
                        "grade" : "C",
                        "score" : 3
                },
                {
                        "date" : ISODate("2012-10-17T00:00:00Z"),
                        "grade" : "A",
                        "score" : 4
                },
                {
                        "date" : ISODate("2012-05-15T00:00:00Z"),
                        "grade" : "A",
                        "score" : 10
                }
        ],
        "name" : "Thai Son",
        "restaurant_id" : "40559606"
}
{
        "_id" : ObjectId("636c96531a9a6f4f9d24ebea"),
        "address" : {
                "building" : "8278",
                "coord" : [
                        -73.88143509999999,
                        40.7412552
                ],
                "street" : "Broadway",
                "zipcode" : "11373"
        },
        "borough" : "Queens",
        "cuisine" : "Vietnamese/Cambodian/Malaysia",
        "grades" : [
                {
                        "date" : ISODate("2014-06-12T00:00:00Z"),
                        "grade" : "B",
                        "score" : 21
                },
                {
                        "date" : ISODate("2013-05-20T00:00:00Z"),
                        "grade" : "A",
                        "score" : 13
                },
                {
                        "date" : ISODate("2012-12-26T00:00:00Z"),
                        "grade" : "A",
                        "score" : 10
                },
                {
                        "date" : ISODate("2012-12-03T00:00:00Z"),
                        "grade" : "P",
                        "score" : 5
                },
                {
                        "date" : ISODate("2012-05-04T00:00:00Z"),
                        "grade" : "B",
                        "score" : 27
                }
        ],
        "name" : "Pho Bac Vietnamese Seafood Cuisine",
        "restaurant_id" : "40578058"
}
{
        "_id" : ObjectId("636c96531a9a6f4f9d24efd8"),
        "address" : {
                "building" : "148",
                "coord" : [
                        -74.000254,
                        40.7172727
                ],
                "street" : "Centre Street",
                "zipcode" : "10013"
        },
        "borough" : "Manhattan",
        "cuisine" : "Vietnamese/Cambodian/Malaysia",
        "grades" : [
                {
                        "date" : ISODate("2014-10-01T00:00:00Z"),
                        "grade" : "A",
                        "score" : 7
                },
                {
                        "date" : ISODate("2014-05-19T00:00:00Z"),
                        "grade" : "C",
                        "score" : 5
                },
                {
                        "date" : ISODate("2013-11-15T00:00:00Z"),
                        "grade" : "B",
                        "score" : 14
                },
                {
                        "date" : ISODate("2013-03-08T00:00:00Z"),
                        "grade" : "B",
                        "score" : 25
                },
                {
                        "date" : ISODate("2012-05-22T00:00:00Z"),
                        "grade" : "B",
                        "score" : 23
                },
                {
                        "date" : ISODate("2011-10-27T00:00:00Z"),
                        "grade" : "A",
                        "score" : 9
                }
        ],
        "name" : "Nha-Trang Centre Vietnam Restaurant",
        "restaurant_id" : "40751226"
}
{
        "_id" : ObjectId("636c96531a9a6f4f9d24f2e9"),
        "address" : {
                "building" : "158",
                "coord" : [
                        -74.0025903,
                        40.7443077
                ],
                "street" : "9 Avenue",
                "zipcode" : "10011"
        },
        "borough" : "Manhattan",
        "cuisine" : "Vietnamese/Cambodian/Malaysia",
        "grades" : [
                {
                        "date" : ISODate("2014-07-15T00:00:00Z"),
                        "grade" : "A",
                        "score" : 11
                },
                {
                        "date" : ISODate("2014-01-14T00:00:00Z"),
                        "grade" : "A",
                        "score" : 9
                },
                {
                        "date" : ISODate("2013-04-16T00:00:00Z"),
                        "grade" : "B",
                        "score" : 18
                },
                {
                        "date" : ISODate("2012-02-15T00:00:00Z"),
                        "grade" : "A",
                        "score" : 7
                }
        ],
        "name" : "O-Mai",
        "restaurant_id" : "40903063"
}
{
        "_id" : ObjectId("636c96531a9a6f4f9d24f580"),
        "address" : {
                "building" : "87",
                "coord" : [
                        -73.99961909999999,
                        40.7167408
                ],
                "street" : "Baxter Street",
                "zipcode" : "10013"
        },
        "borough" : "Manhattan",
        "cuisine" : "Vietnamese/Cambodian/Malaysia",
        "grades" : [
                {
                        "date" : ISODate("2015-01-06T00:00:00Z"),
                        "grade" : "A",
                        "score" : 11
                },
                {
                        "date" : ISODate("2014-01-23T00:00:00Z"),
                        "grade" : "A",
                        "score" : 10
                },
                {
                        "date" : ISODate("2013-01-08T00:00:00Z"),
                        "grade" : "A",
                        "score" : 13
                },
                {
                        "date" : ISODate("2012-06-05T00:00:00Z"),
                        "grade" : "A",
                        "score" : 10
                }
        ],
        "name" : "Nha Trang Restaurant",
        "restaurant_id" : "40989220"
}
{
        "_id" : ObjectId("636c96531a9a6f4f9d24f622"),
        "address" : {
                "building" : "80",
                "coord" : [
                        -73.99862900000001,
                        40.7158191
                ],
                "street" : "Bayard Street",
                "zipcode" : "10013"
        },
        "borough" : "Manhattan",
        "cuisine" : "Vietnamese/Cambodian/Malaysia",
        "grades" : [
                {
                        "date" : ISODate("2014-11-07T00:00:00Z"),
                        "grade" : "B",
                        "score" : 27
                },
                {
                        "date" : ISODate("2014-07-05T00:00:00Z"),
                        "grade" : "B",
                        "score" : 27
                },
                {
                        "date" : ISODate("2013-10-29T00:00:00Z"),
                        "grade" : "A",
                        "score" : 2
                },
                {
                        "date" : ISODate("2013-06-28T00:00:00Z"),
                        "grade" : "C",
                        "score" : 5
                },
                {
                        "date" : ISODate("2013-01-22T00:00:00Z"),
                        "grade" : "B",
                        "score" : 14
                },
                {
                        "date" : ISODate("2012-07-18T00:00:00Z"),
                        "grade" : "C",
                        "score" : 42
                },
                {
                        "date" : ISODate("2012-02-10T00:00:00Z"),
                        "grade" : "A",
                        "score" : 13
                }
        ],
        "name" : "New Bo Ky Restaurant",
        "restaurant_id" : "41005330"
}
{
        "_id" : ObjectId("636c96531a9a6f4f9d24f6e4"),
        "address" : {
                "building" : "156-32",
                "coord" : [
                        -73.8087286,
                        40.7639199
                ],
                "street" : "Northern Boulevard",
                "zipcode" : "11354"
        },
        "borough" : "Queens",
        "cuisine" : "Vietnamese/Cambodian/Malaysia",
        "grades" : [
                {
                        "date" : ISODate("2014-09-11T00:00:00Z"),
                        "grade" : "A",
                        "score" : 13
                },
                {
                        "date" : ISODate("2014-04-08T00:00:00Z"),
                        "grade" : "A",
                        "score" : 11
                },
                {
                        "date" : ISODate("2013-10-07T00:00:00Z"),
                        "grade" : "A",
                        "score" : 12
                },
                {
                        "date" : ISODate("2012-09-13T00:00:00Z"),
                        "grade" : "A",
                        "score" : 2
                },
                {
                        "date" : ISODate("2012-04-26T00:00:00Z"),
                        "grade" : "A",
                        "score" : 7
                },
                {
                        "date" : ISODate("2011-11-09T00:00:00Z"),
                        "grade" : "A",
                        "score" : 10
                }
        ],
        "name" : "Mekong Thai And Vietnamese Restaurant",
        "restaurant_id" : "41022628"
}
{
        "_id" : ObjectId("636c96531a9a6f4f9d24f717"),
        "address" : {
                "building" : "2",
                "coord" : [
                        -73.9862038,
                        40.747189
                ],
                "street" : "West   32 Street",
                "zipcode" : "10001"
        },
        "borough" : "Manhattan",
        "cuisine" : "Vietnamese/Cambodian/Malaysia",
        "grades" : [
                {
                        "date" : ISODate("2014-12-01T00:00:00Z"),
                        "grade" : "Z",
                        "score" : 18
                },
                {
                        "date" : ISODate("2014-05-27T00:00:00Z"),
                        "grade" : "A",
                        "score" : 12
                },
                {
                        "date" : ISODate("2013-10-01T00:00:00Z"),
                        "grade" : "B",
                        "score" : 17
                },
                {
                        "date" : ISODate("2012-09-21T00:00:00Z"),
                        "grade" : "A",
                        "score" : 7
                },
                {
                        "date" : ISODate("2012-03-05T00:00:00Z"),
                        "grade" : "A",
                        "score" : 13
                }
        ],
        "name" : "Pho 32 & Shabu",
        "restaurant_id" : "41026002"
}
{
        "_id" : ObjectId("636c96531a9a6f4f9d24f82d"),
        "address" : {
                "building" : "345",
                "coord" : [
                        -74.0102595,
                        40.7184972
                ],
                "street" : "Greenwich Street",
                "zipcode" : "10013"
        },
        "borough" : "Manhattan",
        "cuisine" : "Vietnamese/Cambodian/Malaysia",
        "grades" : [
                {
                        "date" : ISODate("2014-08-22T00:00:00Z"),
                        "grade" : "A",
                        "score" : 9
                },
                {
                        "date" : ISODate("2014-03-15T00:00:00Z"),
                        "grade" : "B",
                        "score" : 18
                },
                {
                        "date" : ISODate("2012-10-17T00:00:00Z"),
                        "grade" : "A",
                        "score" : 10
                },
                {
                        "date" : ISODate("2012-05-08T00:00:00Z"),
                        "grade" : "B",
                        "score" : 19
                },
                {
                        "date" : ISODate("2011-12-16T00:00:00Z"),
                        "grade" : "A",
                        "score" : 12
                }
        ],
        "name" : "Viet Cafe",
        "restaurant_id" : "41063946"
}
{
        "_id" : ObjectId("636c96531a9a6f4f9d24fb22"),
        "address" : {
                "building" : "4107",
                "coord" : [
                        -73.8293161,
                        40.7583823
                ],
                "street" : "Kissena Boulevard",
                "zipcode" : "11355"
        },
        "borough" : "Queens",
        "cuisine" : "Vietnamese/Cambodian/Malaysia",
        "grades" : [
                {
                        "date" : ISODate("2014-11-13T00:00:00Z"),
                        "grade" : "A",
                        "score" : 10
                },
                {
                        "date" : ISODate("2014-05-20T00:00:00Z"),
                        "grade" : "A",
                        "score" : 8
                },
                {
                        "date" : ISODate("2013-10-16T00:00:00Z"),
                        "grade" : "B",
                        "score" : 22
                },
                {
                        "date" : ISODate("2013-03-20T00:00:00Z"),
                        "grade" : "B",
                        "score" : 18
                },
                {
                        "date" : ISODate("2012-08-01T00:00:00Z"),
                        "grade" : "B",
                        "score" : 16
                },
                {
                        "date" : ISODate("2011-12-14T00:00:00Z"),
                        "grade" : "B",
                        "score" : 17
                }
        ],
        "name" : "Pho Bang Restaurant",
        "restaurant_id" : "41145163"
}
{
        "_id" : ObjectId("636c96531a9a6f4f9d24fd07"),
        "address" : {
                "building" : "342",
                "coord" : [
                        -73.986646,
                        40.7264594
                ],
                "street" : "East 6 Street",
                "zipcode" : "10003"
        },
        "borough" : "Manhattan",
        "cuisine" : "Vietnamese/Cambodian/Malaysia",
        "grades" : [
                {
                        "date" : ISODate("2014-12-04T00:00:00Z"),
                        "grade" : "A",
                        "score" : 11
                },
                {
                        "date" : ISODate("2014-06-27T00:00:00Z"),
                        "grade" : "A",
                        "score" : 8
                },
                {
                        "date" : ISODate("2013-07-30T00:00:00Z"),
                        "grade" : "A",
                        "score" : 13
                },
                {
                        "date" : ISODate("2012-05-31T00:00:00Z"),
                        "grade" : "A",
                        "score" : 10
                }
        ],
        "name" : "Lan Cafe",
        "restaurant_id" : "41184550"
}
{
        "_id" : ObjectId("636c96531a9a6f4f9d24fdb7"),
        "address" : {
                "building" : "18",
                "coord" : [
                        -74.0034562,
                        40.7275645
                ],
                "street" : "King Street",
                "zipcode" : "10014"
        },
        "borough" : "Manhattan",
        "cuisine" : "Vietnamese/Cambodian/Malaysia",
        "grades" : [
                {
                        "date" : ISODate("2014-02-18T00:00:00Z"),
                        "grade" : "A",
                        "score" : 12
                },
                {
                        "date" : ISODate("2013-08-20T00:00:00Z"),
                        "grade" : "A",
                        "score" : 10
                },
                {
                        "date" : ISODate("2013-03-05T00:00:00Z"),
                        "grade" : "C",
                        "score" : 45
                },
                {
                        "date" : ISODate("2012-04-06T00:00:00Z"),
                        "grade" : "B",
                        "score" : 19
                },
                {
                        "date" : ISODate("2011-09-22T00:00:00Z"),
                        "grade" : "A",
                        "score" : 9
                }
        ],
        "name" : "New Mekong Restaurant",
        "restaurant_id" : "41202673"
}
{
        "_id" : ObjectId("636c96531a9a6f4f9d24fe83"),
        "address" : {
                "building" : "4010",
                "coord" : [
                        -73.8915947,
                        40.746408
                ],
                "street" : "74 Street",
                "zipcode" : "11373"
        },
        "borough" : "Queens",
        "cuisine" : "Vietnamese/Cambodian/Malaysia",
        "grades" : [
                {
                        "date" : ISODate("2014-08-12T00:00:00Z"),
                        "grade" : "A",
                        "score" : 7
                },
                {
                        "date" : ISODate("2014-01-09T00:00:00Z"),
                        "grade" : "B",
                        "score" : 25
                },
                {
                        "date" : ISODate("2013-06-25T00:00:00Z"),
                        "grade" : "A",
                        "score" : 13
                },
                {
                        "date" : ISODate("2012-05-07T00:00:00Z"),
                        "grade" : "A",
                        "score" : 12
                },
                {
                        "date" : ISODate("2011-12-28T00:00:00Z"),
                        "grade" : "A",
                        "score" : 12
                }
        ],
        "name" : "Thai Son",
        "restaurant_id" : "41221266"
}
{
        "_id" : ObjectId("636c96531a9a6f4f9d250090"),
        "address" : {
                "building" : "369",
                "coord" : [
                        -73.9959432,
                        40.7200254
                ],
                "street" : "Broome Street",
                "zipcode" : "10013"
        },
        "borough" : "Manhattan",
        "cuisine" : "Vietnamese/Cambodian/Malaysia",
        "grades" : [
                {
                        "date" : ISODate("2014-08-01T00:00:00Z"),
                        "grade" : "A",
                        "score" : 9
                },
                {
                        "date" : ISODate("2014-02-11T00:00:00Z"),
                        "grade" : "A",
                        "score" : 13
                },
                {
                        "date" : ISODate("2013-01-24T00:00:00Z"),
                        "grade" : "A",
                        "score" : 12
                },
                {
                        "date" : ISODate("2012-06-22T00:00:00Z"),
                        "grade" : "A",
                        "score" : 5
                },
                {
                        "date" : ISODate("2012-01-18T00:00:00Z"),
                        "grade" : "A",
                        "score" : 2
                }
        ],
        "name" : "Saigon Vietnamese Sandwich",
        "restaurant_id" : "41254832"
}
{
        "_id" : ObjectId("636c96531a9a6f4f9d25059b"),
        "address" : {
                "building" : "82-90",
                "coord" : [
                        -73.8848687,
                        40.743896
                ],
                "street" : "Broadway",
                "zipcode" : "11373"
        },
        "borough" : "Queens",
        "cuisine" : "Vietnamese/Cambodian/Malaysia",
        "grades" : [
                {
                        "date" : ISODate("2014-07-02T00:00:00Z"),
                        "grade" : "B",
                        "score" : 26
                },
                {
                        "date" : ISODate("2013-10-23T00:00:00Z"),
                        "grade" : "B",
                        "score" : 18
                },
                {
                        "date" : ISODate("2013-05-30T00:00:00Z"),
                        "grade" : "B",
                        "score" : 22
                },
                {
                        "date" : ISODate("2012-12-18T00:00:00Z"),
                        "grade" : "A",
                        "score" : 7
                },
                {
                        "date" : ISODate("2012-09-04T00:00:00Z"),
                        "grade" : "C",
                        "score" : 10
                },
                {
                        "date" : ISODate("2012-02-24T00:00:00Z"),
                        "grade" : "B",
                        "score" : 17
                }
        ],
        "name" : "Pho Bang Restaurant",
        "restaurant_id" : "41338955"
}
{
        "_id" : ObjectId("636c96531a9a6f4f9d2507c8"),
        "address" : {
                "building" : "102",
                "coord" : [
                        -73.99543899999999,
                        40.717846
                ],
                "street" : "Bowery",
                "zipcode" : "10013"
        },
        "borough" : "Manhattan",
        "cuisine" : "Vietnamese/Cambodian/Malaysia",
        "grades" : [
                {
                        "date" : ISODate("2014-12-20T00:00:00Z"),
                        "grade" : "A",
                        "score" : 13
                },
                {
                        "date" : ISODate("2014-07-08T00:00:00Z"),
                        "grade" : "A",
                        "score" : 11
                },
                {
                        "date" : ISODate("2013-11-25T00:00:00Z"),
                        "grade" : "A",
                        "score" : 6
                },
                {
                        "date" : ISODate("2013-04-04T00:00:00Z"),
                        "grade" : "B",
                        "score" : 15
                },
                {
                        "date" : ISODate("2012-08-21T00:00:00Z"),
                        "grade" : "A",
                        "score" : 13
                },
                {
                        "date" : ISODate("2012-03-22T00:00:00Z"),
                        "grade" : "A",
                        "score" : 13
                }
        ],
        "name" : "New Tu Do Restaurant",
        "restaurant_id" : "41374711"
}
{
        "_id" : ObjectId("636c96531a9a6f4f9d2507ca"),
        "address" : {
                "building" : "277",
                "coord" : [
                        -73.9927639,
                        40.717627
                ],
                "street" : "Grand Street",
                "zipcode" : "10002"
        },
        "borough" : "Manhattan",
        "cuisine" : "Vietnamese/Cambodian/Malaysia",
        "grades" : [
                {
                        "date" : ISODate("2014-04-09T00:00:00Z"),
                        "grade" : "A",
                        "score" : 12
                },
                {
                        "date" : ISODate("2013-09-09T00:00:00Z"),
                        "grade" : "A",
                        "score" : 10
                },
                {
                        "date" : ISODate("2013-04-24T00:00:00Z"),
                        "grade" : "C",
                        "score" : 0
                },
                {
                        "date" : ISODate("2012-06-22T00:00:00Z"),
                        "grade" : "A",
                        "score" : 12
                },
                {
                        "date" : ISODate("2011-11-18T00:00:00Z"),
                        "grade" : "A",
                        "score" : 11
                },
                {
                        "date" : ISODate("2011-04-20T00:00:00Z"),
                        "grade" : "B",
                        "score" : 15
                }
        ],
        "name" : "Pho Grand",
        "restaurant_id" : "41375457"
}
{
        "_id" : ObjectId("636c96531a9a6f4f9d250821"),
        "address" : {
                "building" : "3802",
                "coord" : [
                        -73.83283279999999,
                        40.7600184
                ],
                "street" : "Prince Street",
                "zipcode" : "11354"
        },
        "borough" : "Queens",
        "cuisine" : "Vietnamese/Cambodian/Malaysia",
        "grades" : [
                {
                        "date" : ISODate("2014-06-02T00:00:00Z"),
                        "grade" : "A",
                        "score" : 9
                },
                {
                        "date" : ISODate("2013-12-03T00:00:00Z"),
                        "grade" : "A",
                        "score" : 11
                },
                {
                        "date" : ISODate("2012-07-19T00:00:00Z"),
                        "grade" : "A",
                        "score" : 7
                },
                {
                        "date" : ISODate("2012-03-06T00:00:00Z"),
                        "grade" : "A",
                        "score" : 9
                }
        ],
        "name" : "Pho Vietnamese Restaurant",
        "restaurant_id" : "41379217"
}
{
        "_id" : ObjectId("636c96531a9a6f4f9d2508ca"),
        "address" : {
                "building" : "85",
                "coord" : [
                        -73.9904772,
                        40.7179481
                ],
                "street" : "Orchard Street",
                "zipcode" : "10002"
        },
        "borough" : "Manhattan",
        "cuisine" : "Vietnamese/Cambodian/Malaysia",
        "grades" : [
                {
                        "date" : ISODate("2014-12-18T00:00:00Z"),
                        "grade" : "A",
                        "score" : 5
                },
                {
                        "date" : ISODate("2013-12-03T00:00:00Z"),
                        "grade" : "A",
                        "score" : 4
                },
                {
                        "date" : ISODate("2013-06-19T00:00:00Z"),
                        "grade" : "A",
                        "score" : 9
                },
                {
                        "date" : ISODate("2012-11-21T00:00:00Z"),
                        "grade" : "B",
                        "score" : 20
                },
                {
                        "date" : ISODate("2012-05-09T00:00:00Z"),
                        "grade" : "A",
                        "score" : 9
                }
        ],
        "name" : "An Choi",
        "restaurant_id" : "41386399"
}
{
        "_id" : ObjectId("636c96531a9a6f4f9d250b37"),
        "address" : {
                "building" : "120",
                "coord" : [
                        -74.005578,
                        40.732983
                ],
                "street" : "Christopher Street",
                "zipcode" : "10014"
        },
        "borough" : "Manhattan",
        "cuisine" : "Vietnamese/Cambodian/Malaysia",
        "grades" : [
                {
                        "date" : ISODate("2014-09-16T00:00:00Z"),
                        "grade" : "A",
                        "score" : 13
                },
                {
                        "date" : ISODate("2014-04-28T00:00:00Z"),
                        "grade" : "C",
                        "score" : 2
                },
                {
                        "date" : ISODate("2013-02-28T00:00:00Z"),
                        "grade" : "A",
                        "score" : 10
                },
                {
                        "date" : ISODate("2012-10-19T00:00:00Z"),
                        "grade" : "C",
                        "score" : 5
                },
                {
                        "date" : ISODate("2012-05-02T00:00:00Z"),
                        "grade" : "B",
                        "score" : 20
                },
                {
                        "date" : ISODate("2011-11-14T00:00:00Z"),
                        "grade" : "A",
                        "score" : 7
                }
        ],
        "name" : "Baoguette Pho Sure",
        "restaurant_id" : "41414673"
}
Type "it" for more
> db.restaurent.find({grades:{$elemMatch:{grade:'A'
... score:11,
... date:ISODate("2014-08-11T00:00:00Z")}}})
uncaught exception: SyntaxError: missing } after property list :
@(shell):2:0
> db.restaurent.find({grades:{$elemMatch:{grade:'A',score:11, date:ISODate("2014-08-11T00:00:00Z")}}})
{ "_id" : ObjectId("636c96531a9a6f4f9d24e57f"), "address" : { "building" : "1133", "coord" : [ -73.958885, 40.7745559 ], "street" : "Lexington Avenue", "zipcode" : "10075" }, "borough" : "Manhattan", "cuisine" : "Italian", "grades" : [ { "date" : ISODate("2014-08-11T00:00:00Z"), "grade" : "A", "score" : 11 }, { "date" : ISODate("2013-12-10T00:00:00Z"), "grade" : "A", "score" : 9 }, { "date" : ISODate("2013-06-10T00:00:00Z"), "grade" : "A", "score" : 12 }, { "date" : ISODate("2012-06-08T00:00:00Z"), "grade" : "A", "score" : 13 }, { "date" : ISODate("2012-01-25T00:00:00Z"), "grade" : "A", "score" : 8 }, { "date" : ISODate("2011-09-13T00:00:00Z"), "grade" : "A", "score" : 12 } ], "name" : "Don Filippo Restaurant", "restaurant_id" : "40372417" }
{ "_id" : ObjectId("636c96531a9a6f4f9d24f356"), "address" : { "building" : "461", "coord" : [ -73.9823145, 40.7452477 ], "street" : "Park Avenue South", "zipcode" : "10016" }, "borough" : "Manhattan", "cuisine" : "American", "grades" : [ { "date" : ISODate("2014-08-11T00:00:00Z"), "grade" : "A", "score" : 11 }, { "date" : ISODate("2014-02-04T00:00:00Z"), "grade" : "A", "score" : 10 }, { "date" : ISODate("2013-06-19T00:00:00Z"), "grade" : "A", "score" : 2 }, { "date" : ISODate("2012-06-25T00:00:00Z"), "grade" : "A", "score" : 12 }, { "date" : ISODate("2012-02-08T00:00:00Z"), "grade" : "A", "score" : 5 } ], "name" : "Cosi", "restaurant_id" : "40922983" }
{ "_id" : ObjectId("636c96531a9a6f4f9d24ff05"), "address" : { "building" : "525", "coord" : [ -73.9926363, 40.7538399 ], "street" : "8 Avenue", "zipcode" : "10018" }, "borough" : "Manhattan", "cuisine" : "Sandwiches", "grades" : [ { "date" : ISODate("2014-08-11T00:00:00Z"), "grade" : "A", "score" : 11 }, { "date" : ISODate("2014-02-07T00:00:00Z"), "grade" : "A", "score" : 12 }, { "date" : ISODate("2012-12-05T00:00:00Z"), "grade" : "A", "score" : 8 }, { "date" : ISODate("2012-07-13T00:00:00Z"), "grade" : "A", "score" : 12 }, { "date" : ISODate("2012-02-08T00:00:00Z"), "grade" : "A", "score" : 9 } ], "name" : "Subway", "restaurant_id" : "41230741" }
{ "_id" : ObjectId("636c96531a9a6f4f9d250727"), "address" : { "building" : "58", "coord" : [ -73.9799597, 40.7494442 ], "street" : "Park Avenue", "zipcode" : "10016" }, "borough" : "Manhattan", "cuisine" : "Scandinavian", "grades" : [ { "date" : ISODate("2014-08-11T00:00:00Z"), "grade" : "A", "score" : 11 }, { "date" : ISODate("2014-03-31T00:00:00Z"), "grade" : "A", "score" : 13 }, { "date" : ISODate("2013-02-25T00:00:00Z"), "grade" : "A", "score" : 12 }, { "date" : ISODate("2012-01-11T00:00:00Z"), "grade" : "A", "score" : 7 } ], "name" : "Smorgas Chef At Scandinavia House", "restaurant_id" : "41366873" }
{ "_id" : ObjectId("636c96531a9a6f4f9d250c3a"), "address" : { "building" : "1410", "coord" : [ -73.9868297, 40.7532798 ], "street" : "Broadway", "zipcode" : "10018" }, "borough" : "Manhattan", "cuisine" : "Jewish/Kosher", "grades" : [ { "date" : ISODate("2014-08-11T00:00:00Z"), "grade" : "A", "score" : 11 }, { "date" : ISODate("2014-02-12T00:00:00Z"), "grade" : "A", "score" : 5 }, { "date" : ISODate("2013-08-15T00:00:00Z"), "grade" : "B", "score" : 21 }, { "date" : ISODate("2013-03-06T00:00:00Z"), "grade" : "A", "score" : 7 }, { "date" : ISODate("2012-03-08T00:00:00Z"), "grade" : "A", "score" : 11 } ], "name" : "Schnitzel Express", "restaurant_id" : "41428543" }
{ "_id" : ObjectId("636c96531a9a6f4f9d250c8b"), "address" : { "building" : "30-09", "coord" : [ -73.91899169999999, 40.7653742 ], "street" : "34 Street", "zipcode" : "11103" }, "borough" : "Queens", "cuisine" : "American", "grades" : [ { "date" : ISODate("2015-01-17T00:00:00Z"), "grade" : "A", "score" : 6 }, { "date" : ISODate("2014-08-11T00:00:00Z"), "grade" : "A", "score" : 11 }, { "date" : ISODate("2013-12-26T00:00:00Z"), "grade" : "A", "score" : 7 }, { "date" : ISODate("2013-06-12T00:00:00Z"), "grade" : "A", "score" : 9 }, { "date" : ISODate("2012-05-08T00:00:00Z"), "grade" : "A", "score" : 5 } ], "name" : "Sweet Afton", "restaurant_id" : "41432714" }
{ "_id" : ObjectId("636c96531a9a6f4f9d2515ce"), "address" : { "building" : "3318", "coord" : [ -73.9326911, 40.764179 ], "street" : "21 Street", "zipcode" : "11106" }, "borough" : "Queens", "cuisine" : "Chinese", "grades" : [ { "date" : ISODate("2014-08-11T00:00:00Z"), "grade" : "A", "score" : 11 }, { "date" : ISODate("2013-07-02T00:00:00Z"), "grade" : "A", "score" : 4 }, { "date" : ISODate("2013-02-02T00:00:00Z"), "grade" : "A", "score" : 12 }, { "date" : ISODate("2011-12-22T00:00:00Z"), "grade" : "A", "score" : 13 }, { "date" : ISODate("2011-08-16T00:00:00Z"), "grade" : "A", "score" : 7 } ], "name" : "Wen Ming Chinese Restaurant", "restaurant_id" : "41549803" }
{ "_id" : ObjectId("636c96541a9a6f4f9d252c7a"), "address" : { "building" : "228", "coord" : [ -74.004959, 40.7287582 ], "street" : "West Houston Street", "zipcode" : "10014" }, "borough" : "Manhattan", "cuisine" : "Sandwiches", "grades" : [ { "date" : ISODate("2014-08-11T00:00:00Z"), "grade" : "A", "score" : 11 }, { "date" : ISODate("2013-08-16T00:00:00Z"), "grade" : "A", "score" : 10 } ], "name" : "Subway", "restaurant_id" : "41721364" }
{ "_id" : ObjectId("636c96541a9a6f4f9d2536c5"), "address" : { "building" : "285", "coord" : [ -73.9837107, 40.7383949 ], "street" : "3Rd Ave", "zipcode" : "10010" }, "borough" : "Manhattan", "cuisine" : "Chinese", "grades" : [ { "date" : ISODate("2014-08-11T00:00:00Z"), "grade" : "A", "score" : 11 }, { "date" : ISODate("2014-03-31T00:00:00Z"), "grade" : "B", "score" : 27 } ], "name" : "China King", "restaurant_id" : "50005588" }
> db.restaurent.find({grades:{$elemMatch:{grade:'A',score:11, date:ISODate("2014-08-11T00:00:00Z")}}}).pretty();
{
        "_id" : ObjectId("636c96531a9a6f4f9d24e57f"),
        "address" : {
                "building" : "1133",
                "coord" : [
                        -73.958885,
                        40.7745559
                ],
                "street" : "Lexington Avenue",
                "zipcode" : "10075"
        },
        "borough" : "Manhattan",
        "cuisine" : "Italian",
        "grades" : [
                {
                        "date" : ISODate("2014-08-11T00:00:00Z"),
                        "grade" : "A",
                        "score" : 11
                },
                {
                        "date" : ISODate("2013-12-10T00:00:00Z"),
                        "grade" : "A",
                        "score" : 9
                },
                {
                        "date" : ISODate("2013-06-10T00:00:00Z"),
                        "grade" : "A",
                        "score" : 12
                },
                {
                        "date" : ISODate("2012-06-08T00:00:00Z"),
                        "grade" : "A",
                        "score" : 13
                },
                {
                        "date" : ISODate("2012-01-25T00:00:00Z"),
                        "grade" : "A",
                        "score" : 8
                },
                {
                        "date" : ISODate("2011-09-13T00:00:00Z"),
                        "grade" : "A",
                        "score" : 12
                }
        ],
        "name" : "Don Filippo Restaurant",
        "restaurant_id" : "40372417"
}
{
        "_id" : ObjectId("636c96531a9a6f4f9d24f356"),
        "address" : {
                "building" : "461",
                "coord" : [
                        -73.9823145,
                        40.7452477
                ],
                "street" : "Park Avenue South",
                "zipcode" : "10016"
        },
        "borough" : "Manhattan",
        "cuisine" : "American",
        "grades" : [
                {
                        "date" : ISODate("2014-08-11T00:00:00Z"),
                        "grade" : "A",
                        "score" : 11
                },
                {
                        "date" : ISODate("2014-02-04T00:00:00Z"),
                        "grade" : "A",
                        "score" : 10
                },
                {
                        "date" : ISODate("2013-06-19T00:00:00Z"),
                        "grade" : "A",
                        "score" : 2
                },
                {
                        "date" : ISODate("2012-06-25T00:00:00Z"),
                        "grade" : "A",
                        "score" : 12
                },
                {
                        "date" : ISODate("2012-02-08T00:00:00Z"),
                        "grade" : "A",
                        "score" : 5
                }
        ],
        "name" : "Cosi",
        "restaurant_id" : "40922983"
}
{
        "_id" : ObjectId("636c96531a9a6f4f9d24ff05"),
        "address" : {
                "building" : "525",
                "coord" : [
                        -73.9926363,
                        40.7538399
                ],
                "street" : "8 Avenue",
                "zipcode" : "10018"
        },
        "borough" : "Manhattan",
        "cuisine" : "Sandwiches",
        "grades" : [
                {
                        "date" : ISODate("2014-08-11T00:00:00Z"),
                        "grade" : "A",
                        "score" : 11
                },
                {
                        "date" : ISODate("2014-02-07T00:00:00Z"),
                        "grade" : "A",
                        "score" : 12
                },
                {
                        "date" : ISODate("2012-12-05T00:00:00Z"),
                        "grade" : "A",
                        "score" : 8
                },
                {
                        "date" : ISODate("2012-07-13T00:00:00Z"),
                        "grade" : "A",
                        "score" : 12
                },
                {
                        "date" : ISODate("2012-02-08T00:00:00Z"),
                        "grade" : "A",
                        "score" : 9
                }
        ],
        "name" : "Subway",
        "restaurant_id" : "41230741"
}
{
        "_id" : ObjectId("636c96531a9a6f4f9d250727"),
        "address" : {
                "building" : "58",
                "coord" : [
                        -73.9799597,
                        40.7494442
                ],
                "street" : "Park Avenue",
                "zipcode" : "10016"
        },
        "borough" : "Manhattan",
        "cuisine" : "Scandinavian",
        "grades" : [
                {
                        "date" : ISODate("2014-08-11T00:00:00Z"),
                        "grade" : "A",
                        "score" : 11
                },
                {
                        "date" : ISODate("2014-03-31T00:00:00Z"),
                        "grade" : "A",
                        "score" : 13
                },
                {
                        "date" : ISODate("2013-02-25T00:00:00Z"),
                        "grade" : "A",
                        "score" : 12
                },
                {
                        "date" : ISODate("2012-01-11T00:00:00Z"),
                        "grade" : "A",
                        "score" : 7
                }
        ],
        "name" : "Smorgas Chef At Scandinavia House",
        "restaurant_id" : "41366873"
}
{
        "_id" : ObjectId("636c96531a9a6f4f9d250c3a"),
        "address" : {
                "building" : "1410",
                "coord" : [
                        -73.9868297,
                        40.7532798
                ],
                "street" : "Broadway",
                "zipcode" : "10018"
        },
        "borough" : "Manhattan",
        "cuisine" : "Jewish/Kosher",
        "grades" : [
                {
                        "date" : ISODate("2014-08-11T00:00:00Z"),
                        "grade" : "A",
                        "score" : 11
                },
                {
                        "date" : ISODate("2014-02-12T00:00:00Z"),
                        "grade" : "A",
                        "score" : 5
                },
                {
                        "date" : ISODate("2013-08-15T00:00:00Z"),
                        "grade" : "B",
                        "score" : 21
                },
                {
                        "date" : ISODate("2013-03-06T00:00:00Z"),
                        "grade" : "A",
                        "score" : 7
                },
                {
                        "date" : ISODate("2012-03-08T00:00:00Z"),
                        "grade" : "A",
                        "score" : 11
                }
        ],
        "name" : "Schnitzel Express",
        "restaurant_id" : "41428543"
}
{
        "_id" : ObjectId("636c96531a9a6f4f9d250c8b"),
        "address" : {
                "building" : "30-09",
                "coord" : [
                        -73.91899169999999,
                        40.7653742
                ],
                "street" : "34 Street",
                "zipcode" : "11103"
        },
        "borough" : "Queens",
        "cuisine" : "American",
        "grades" : [
                {
                        "date" : ISODate("2015-01-17T00:00:00Z"),
                        "grade" : "A",
                        "score" : 6
                },
                {
                        "date" : ISODate("2014-08-11T00:00:00Z"),
                        "grade" : "A",
                        "score" : 11
                },
                {
                        "date" : ISODate("2013-12-26T00:00:00Z"),
                        "grade" : "A",
                        "score" : 7
                },
                {
                        "date" : ISODate("2013-06-12T00:00:00Z"),
                        "grade" : "A",
                        "score" : 9
                },
                {
                        "date" : ISODate("2012-05-08T00:00:00Z"),
                        "grade" : "A",
                        "score" : 5
                }
        ],
        "name" : "Sweet Afton",
        "restaurant_id" : "41432714"
}
{
        "_id" : ObjectId("636c96531a9a6f4f9d2515ce"),
        "address" : {
                "building" : "3318",
                "coord" : [
                        -73.9326911,
                        40.764179
                ],
                "street" : "21 Street",
                "zipcode" : "11106"
        },
        "borough" : "Queens",
        "cuisine" : "Chinese",
        "grades" : [
                {
                        "date" : ISODate("2014-08-11T00:00:00Z"),
                        "grade" : "A",
                        "score" : 11
                },
                {
                        "date" : ISODate("2013-07-02T00:00:00Z"),
                        "grade" : "A",
                        "score" : 4
                },
                {
                        "date" : ISODate("2013-02-02T00:00:00Z"),
                        "grade" : "A",
                        "score" : 12
                },
                {
                        "date" : ISODate("2011-12-22T00:00:00Z"),
                        "grade" : "A",
                        "score" : 13
                },
                {
                        "date" : ISODate("2011-08-16T00:00:00Z"),
                        "grade" : "A",
                        "score" : 7
                }
        ],
        "name" : "Wen Ming Chinese Restaurant",
        "restaurant_id" : "41549803"
}
{
        "_id" : ObjectId("636c96541a9a6f4f9d252c7a"),
        "address" : {
                "building" : "228",
                "coord" : [
                        -74.004959,
                        40.7287582
                ],
                "street" : "West Houston Street",
                "zipcode" : "10014"
        },
        "borough" : "Manhattan",
        "cuisine" : "Sandwiches",
        "grades" : [
                {
                        "date" : ISODate("2014-08-11T00:00:00Z"),
                        "grade" : "A",
                        "score" : 11
                },
                {
                        "date" : ISODate("2013-08-16T00:00:00Z"),
                        "grade" : "A",
                        "score" : 10
                }
        ],
        "name" : "Subway",
        "restaurant_id" : "41721364"
}
{
        "_id" : ObjectId("636c96541a9a6f4f9d2536c5"),
        "address" : {
                "building" : "285",
                "coord" : [
                        -73.9837107,
                        40.7383949
                ],
                "street" : "3Rd Ave",
                "zipcode" : "10010"
        },
        "borough" : "Manhattan",
        "cuisine" : "Chinese",
        "grades" : [
                {
                        "date" : ISODate("2014-08-11T00:00:00Z"),
                        "grade" : "A",
                        "score" : 11
                },
                {
                        "date" : ISODate("2014-03-31T00:00:00Z"),
                        "grade" : "B",
                        "score" : 27
                }
        ],
        "name" : "China King",
        "restaurant_id" : "50005588"
}
> db.restaurent.find({grades:{$elemMatch:{grade:'A',score:11, date:ISODate("2014-08-11T00:00:00Z")}}},{name:1,"restaurant_id":1,_id:0}).pretty();
{ "name" : "Don Filippo Restaurant", "restaurant_id" : "40372417" }
{ "name" : "Cosi", "restaurant_id" : "40922983" }
{ "name" : "Subway", "restaurant_id" : "41230741" }
{
        "name" : "Smorgas Chef At Scandinavia House",
        "restaurant_id" : "41366873"
}
{ "name" : "Schnitzel Express", "restaurant_id" : "41428543" }
{ "name" : "Sweet Afton", "restaurant_id" : "41432714" }
{ "name" : "Wen Ming Chinese Restaurant", "restaurant_id" : "41549803" }
{ "name" : "Subway", "restaurant_id" : "41721364" }
{ "name" : "China King", "restaurant_id" : "50005588" }
> db.emp.insertMany([{no:1,name:'Kishori'},
... {no:2,name:'Rajan'},{no:3,name:'Revati'}]);
{
        "acknowledged" : true,
        "insertedIds" : [
                ObjectId("643b6fa01207c6dcb9e5dea9"),
                ObjectId("643b6fa01207c6dcb9e5deaa"),
                ObjectId("643b6fa01207c6dcb9e5deab")
        ]
}
> db.emp.find().pretty();
{
        "_id" : ObjectId("643b6fa01207c6dcb9e5dea9"),
        "no" : 1,
        "name" : "Kishori"
}
{ "_id" : ObjectId("643b6fa01207c6dcb9e5deaa"), "no" : 2, "name" : "Rajan" }
{
        "_id" : ObjectId("643b6fa01207c6dcb9e5deab"),
        "no" : 3,
        "name" : "Revati"
}
> show collections
emp
employee
emptab
emptabs
inventory
movie
restaurent
student
> db.inventory.find().pretty();
{
        "_id" : ObjectId("636dd159f84de079f3ddea2e"),
        "item" : "notebook",
        "qty" : 50,
        "size" : {
                "h" : 8.5,
                "w" : 11,
                "uom" : "in"
        },
        "status" : "P"
}
{
        "_id" : ObjectId("636dd159f84de079f3ddea31"),
        "item" : "postcard",
        "qty" : 45,
        "size" : {
                "h" : 10,
                "w" : 15.25,
                "uom" : "cm"
        },
        "status" : "A"
}
{
        "_id" : ObjectId("643a69b1de3c2e5a4cf74369"),
        "item" : "journal",
        "qty" : 25,
        "tags" : [
                "blank",
                "red"
        ],
        "size" : {
                "h" : 14,
                "w" : 21,
                "uom" : "cm"
        }
}
{
        "_id" : ObjectId("643a69b1de3c2e5a4cf7436a"),
        "item" : "mat",
        "qty" : 85,
        "tags" : [
                "gray"
        ],
        "size" : {
                "h" : 27.9,
                "w" : 35.5,
                "uom" : "cm"
        }
}
{
        "_id" : ObjectId("643a69b1de3c2e5a4cf7436b"),
        "item" : "mousepad",
        "qty" : 25,
        "tags" : [
                "gel",
                "blue"
        ],
        "size" : {
                "h" : 19,
                "w" : 22.85,
                "uom" : "cm"
        }
}
> db.inventory.find({status:{$exists:false})
... }
uncaught exception: SyntaxError: missing } after property list :
@(shell):1:41
> db.inventory.find({status:{$exists:false}})
{ "_id" : ObjectId("643a69b1de3c2e5a4cf74369"), "item" : "journal", "qty" : 25, "tags" : [ "blank", "red" ], "size" : { "h" : 14, "w" : 21, "uom" : "cm" } }
{ "_id" : ObjectId("643a69b1de3c2e5a4cf7436a"), "item" : "mat", "qty" : 85, "tags" : [ "gray" ], "size" : { "h" : 27.9, "w" : 35.5, "uom" : "cm" } }
{ "_id" : ObjectId("643a69b1de3c2e5a4cf7436b"), "item" : "mousepad", "qty" : 25, "tags" : [ "gel", "blue" ], "size" : { "h" : 19, "w" : 22.85, "uom" : "cm" } }
> db.inventory.find({status:{$exists:false}}).pretty();
{
        "_id" : ObjectId("643a69b1de3c2e5a4cf74369"),
        "item" : "journal",
        "qty" : 25,
        "tags" : [
                "blank",
                "red"
        ],
        "size" : {
                "h" : 14,
                "w" : 21,
                "uom" : "cm"
        }
}
{
        "_id" : ObjectId("643a69b1de3c2e5a4cf7436a"),
        "item" : "mat",
        "qty" : 85,
        "tags" : [
                "gray"
        ],
        "size" : {
                "h" : 27.9,
                "w" : 35.5,
                "uom" : "cm"
        }
}
{
        "_id" : ObjectId("643a69b1de3c2e5a4cf7436b"),
        "item" : "mousepad",
        "qty" : 25,
        "tags" : [
                "gel",
                "blue"
        ],
        "size" : {
                "h" : 19,
                "w" : 22.85,
                "uom" : "cm"
        }
}
> db.inventory.deleteOne({status:{$exists:false}}).pretty();
uncaught exception: TypeError: db.inventory.deleteOne(...).pretty is not a function :
@(shell):1:1
> db.inventory.find({status:{$exists:false}}).pretty();
{
        "_id" : ObjectId("643a69b1de3c2e5a4cf7436a"),
        "item" : "mat",
        "qty" : 85,
        "tags" : [
                "gray"
        ],
        "size" : {
                "h" : 27.9,
                "w" : 35.5,
                "uom" : "cm"
        }
}
{
        "_id" : ObjectId("643a69b1de3c2e5a4cf7436b"),
        "item" : "mousepad",
        "qty" : 25,
        "tags" : [
                "gel",
                "blue"
        ],
        "size" : {
                "h" : 19,
                "w" : 22.85,
                "uom" : "cm"
        }
}
> db.inventory.deleteMany({status:{$exists:false}}).pretty();
uncaught exception: TypeError: db.inventory.deleteMany(...).pretty is not a function :
@(shell):1:1
> db.inventory.find({status:{$exists:false}}).pretty();
> db.movie.find({name:/^k/})
{ "_id" : ObjectId("5aab6da4639395f86922a883"), "name" : "kahani 2", "ticket_no" : 820, "actor" : [ "Arjun", "Jonny", "nawaz", "prasad", "Shreyas" ], "rating" : 4, "price" : 250.00000000000003, "lastmodifed" : ISODate("2023-04-15T10:12:52.138Z"), "ticket_num" : 300 }
{ "_id" : ObjectId("5aaa31a2639395f86922a87e"), "name" : "kahani", "actor" : [ "karan" ], "ticket_no" : 420, "price" : 332.5, "rating" : 4, "lastmodified" : ISODate("2019-04-07T11:25:40.634Z"), "actors" : [ "bbbb" ], "lastmodifed" : ISODate("2023-04-15T10:12:52.138Z"), "ticket_num" : 300 }
{ "_id" : ObjectId("636dcc0bf84de079f3ddea2b"), "name" : "kesari", "actor" : [ ], "rating" : 4, "ticket_no" : 345, "lastmodifed" : ISODate("2023-04-15T10:12:52.138Z"), "price" : 20, "ticket_num" : 300 }
{ "_id" : ObjectId("636df4b7dcb90f6ecb669073"), "name" : "khubsurat", "price" : 250.00000000000003, "rating" : 4, "ticket_no" : 40, "lastmodifed" : ISODate("2023-04-15T10:12:52.138Z"), "ticket_num" : 300 }
> db.movie.find({name:/^k/}).pretty();
{
        "_id" : ObjectId("5aab6da4639395f86922a883"),
        "name" : "kahani 2",
        "ticket_no" : 820,
        "actor" : [
                "Arjun",
                "Jonny",
                "nawaz",
                "prasad",
                "Shreyas"
        ],
        "rating" : 4,
        "price" : 250.00000000000003,
        "lastmodifed" : ISODate("2023-04-15T10:12:52.138Z"),
        "ticket_num" : 300
}
{
        "_id" : ObjectId("5aaa31a2639395f86922a87e"),
        "name" : "kahani",
        "actor" : [
                "karan"
        ],
        "ticket_no" : 420,
        "price" : 332.5,
        "rating" : 4,
        "lastmodified" : ISODate("2019-04-07T11:25:40.634Z"),
        "actors" : [
                "bbbb"
        ],
        "lastmodifed" : ISODate("2023-04-15T10:12:52.138Z"),
        "ticket_num" : 300
}
{
        "_id" : ObjectId("636dcc0bf84de079f3ddea2b"),
        "name" : "kesari",
        "actor" : [ ],
        "rating" : 4,
        "ticket_no" : 345,
        "lastmodifed" : ISODate("2023-04-15T10:12:52.138Z"),
        "price" : 20,
        "ticket_num" : 300
}
{
        "_id" : ObjectId("636df4b7dcb90f6ecb669073"),
        "name" : "khubsurat",
        "price" : 250.00000000000003,
        "rating" : 4,
        "ticket_no" : 40,
        "lastmodifed" : ISODate("2023-04-15T10:12:52.138Z"),
        "ticket_num" : 300
}
> db.movie.update({name:/^k/},{$inc:{rating:2}},{multi:true})
WriteResult({ "nMatched" : 4, "nUpserted" : 0, "nModified" : 4 })
> db.movie.find({name:/^k/}).pretty();
{
        "_id" : ObjectId("5aab6da4639395f86922a883"),
        "name" : "kahani 2",
        "ticket_no" : 820,
        "actor" : [
                "Arjun",
                "Jonny",
                "nawaz",
                "prasad",
                "Shreyas"
        ],
        "rating" : 6,
        "price" : 250.00000000000003,
        "lastmodifed" : ISODate("2023-04-15T10:12:52.138Z"),
        "ticket_num" : 300
}
{
        "_id" : ObjectId("5aaa31a2639395f86922a87e"),
        "name" : "kahani",
        "actor" : [
                "karan"
        ],
        "ticket_no" : 420,
        "price" : 332.5,
        "rating" : 6,
        "lastmodified" : ISODate("2019-04-07T11:25:40.634Z"),
        "actors" : [
                "bbbb"
        ],
        "lastmodifed" : ISODate("2023-04-15T10:12:52.138Z"),
        "ticket_num" : 300
}
{
        "_id" : ObjectId("636dcc0bf84de079f3ddea2b"),
        "name" : "kesari",
        "actor" : [ ],
        "rating" : 6,
        "ticket_no" : 345,
        "lastmodifed" : ISODate("2023-04-15T10:12:52.138Z"),
        "price" : 20,
        "ticket_num" : 300
}
{
        "_id" : ObjectId("636df4b7dcb90f6ecb669073"),
        "name" : "khubsurat",
        "price" : 250.00000000000003,
        "rating" : 6,
        "ticket_no" : 40,
        "lastmodifed" : ISODate("2023-04-15T10:12:52.138Z"),
        "ticket_num" : 300
}
> db.movie.update({name:/^k/},{$inc:{rating:-2}})
WriteResult({ "nMatched" : 1, "nUpserted" : 0, "nModified" : 1 })
> db.movie.find({name:/^k/}).pretty();
{
        "_id" : ObjectId("5aab6da4639395f86922a883"),
        "name" : "kahani 2",
        "ticket_no" : 820,
        "actor" : [
                "Arjun",
                "Jonny",
                "nawaz",
                "prasad",
                "Shreyas"
        ],
        "rating" : 4,
        "price" : 250.00000000000003,
        "lastmodifed" : ISODate("2023-04-15T10:12:52.138Z"),
        "ticket_num" : 300
}
{
        "_id" : ObjectId("5aaa31a2639395f86922a87e"),
        "name" : "kahani",
        "actor" : [
                "karan"
        ],
        "ticket_no" : 420,
        "price" : 332.5,
        "rating" : 6,
        "lastmodified" : ISODate("2019-04-07T11:25:40.634Z"),
        "actors" : [
                "bbbb"
        ],
        "lastmodifed" : ISODate("2023-04-15T10:12:52.138Z"),
        "ticket_num" : 300
}
{
        "_id" : ObjectId("636dcc0bf84de079f3ddea2b"),
        "name" : "kesari",
        "actor" : [ ],
        "rating" : 6,
        "ticket_no" : 345,
        "lastmodifed" : ISODate("2023-04-15T10:12:52.138Z"),
        "price" : 20,
        "ticket_num" : 300
}
{
        "_id" : ObjectId("636df4b7dcb90f6ecb669073"),
        "name" : "khubsurat",
        "price" : 250.00000000000003,
        "rating" : 6,
        "ticket_no" : 40,
        "lastmodifed" : ISODate("2023-04-15T10:12:52.138Z"),
        "ticket_num" : 300
}
> db.movie.find().pretty();
{
        "_id" : ObjectId("5aaa3334639395f86922a881"),
        "name" : "sholay",
        "actor" : [
                "Dharamendra",
                "Amitabh",
                "Sachin Pilgaokar",
                "Dharamendra",
                "Dharamendra",
                "Mr. Khote",
                "jaya bacchan",
                "sanjiv kapoor"
        ],
        "rating" : 6,
        "ticket_no" : 550,
        "price" : 433.5000000000001,
        "position" : [
                2,
                2
        ]
}
{
        "_id" : ObjectId("5bf6a38c57b2d4cc676c7a96"),
        "name" : "Andhadhund",
        "price" : null,
        "actor" : [
                "Tabbu"
        ],
        "rating" : 5
}
{
        "_id" : ObjectId("5bf6a36f57b2d4cc676c7a95"),
        "name" : "Andhadhund",
        "price" : 450.00000000000006,
        "actor" : [
                "Ayushman",
                "radhika"
        ],
        "rating" : 5
}
{
        "_id" : ObjectId("5aab6da4639395f86922a883"),
        "name" : "kahani 2",
        "ticket_no" : 820,
        "actor" : [
                "Arjun",
                "Jonny",
                "nawaz",
                "prasad",
                "Shreyas"
        ],
        "rating" : 4,
        "price" : 250.00000000000003,
        "lastmodifed" : ISODate("2023-04-15T10:12:52.138Z"),
        "ticket_num" : 300
}
{
        "_id" : ObjectId("5d6935a3470e2bef2a82cdfa"),
        "name" : "mission mangal",
        "price" : 395.00000000000006,
        "actor" : [
                "Sonakshi",
                "Vidya Balan"
        ],
        "rating" : 6
}
{
        "_id" : ObjectId("5d8f51ce065d3e2aa902aa22"),
        "name" : "dream girl",
        "actor" : [
                "ayushman",
                "nushrat bharucha"
        ],
        "price" : 285,
        "rating" : 5
}
{
        "_id" : ObjectId("5d89e9adfd4adc2f84279f43"),
        "name" : "chichore",
        "price" : 311.40000000000003,
        "rating" : 5,
        "actor" : [
                "sushant",
                "shradha kapoor",
                "zzz",
                "harshal"
        ]
}
{
        "_id" : ObjectId("5d8f6eec620d2353221b91dd"),
        "price" : 318,
        "rating" : 5
}
{
        "_id" : ObjectId("5ca47e5b2952ebdd7ae2a931"),
        "name" : "padmavat",
        "rating" : 5,
        "price" : 433.5000000000001,
        "ticket_no" : 300,
        "actor" : [
                "Deepika",
                "shahid kapoor",
                "ranveer singh",
                "aditi Rao",
                "aaaaa"
        ],
        "cancellation" : {
                "date" : Timestamp(1567175239, 1)
        }
}
{
        "_id" : ObjectId("5aaa31a2639395f86922a87e"),
        "name" : "kahani",
        "actor" : [
                "karan"
        ],
        "ticket_no" : 420,
        "price" : 332.5,
        "rating" : 6,
        "lastmodified" : ISODate("2019-04-07T11:25:40.634Z"),
        "actors" : [
                "bbbb"
        ],
        "lastmodifed" : ISODate("2023-04-15T10:12:52.138Z"),
        "ticket_num" : 300
}
{
        "_id" : ObjectId("5ca453ef2952ebdd7ae2a92f"),
        "name" : "Kesari",
        "actor" : [
                "Akshay Kumar",
                "Pariniti chopra"
        ],
        "rating" : 6,
        "price" : 395.00000000000006,
        "ticket_no" : 270,
        "rdate" : ISODate("2019-01-23T00:00:00Z")
}
{
        "_id" : ObjectId("5aaa3334639395f86922a880"),
        "name" : "lagaan",
        "actor" : [
                "amir",
                "angraz"
        ],
        "rating" : 6,
        "ticket_no" : 410,
        "price" : 395.00000000000006,
        "cancellation" : {
                "date" : Timestamp(1554356003, 1),
                "reason" : "user request"
        },
        "lastModified" : ISODate("2019-04-04T05:33:23.022Z")
}
{
        "_id" : ObjectId("5ca47ef82952ebdd7ae2a932"),
        "name" : "newton",
        "ticket_no" : 690,
        "actor" : [
                "Rajkumar Rao",
                "Pankaj Tripathi"
        ],
        "price" : 351,
        "lastmodified" : ISODate("2019-09-28T14:47:49.204Z"),
        "rating" : 5
}
{
        "_id" : ObjectId("5aaa3334639395f86922a882"),
        "name" : "aradhana",
        "actor" : [
                "amitabh",
                "prem",
                "rajesh khanna"
        ],
        "rating" : 5,
        "ticket_no" : 550,
        "price" : 296
}
{
        "_id" : ObjectId("5aaa31ee639395f86922a87f"),
        "name" : "3 idiots",
        "actor" : [
                "Kareena Kapoor",
                "amir",
                "kareena",
                "mahadavan",
                "sharman"
        ],
        "rating" : 5,
        "ticket_no" : 150,
        "price" : 230.00000000000003
}
{
        "_id" : ObjectId("5c8283789eb55675f0272933"),
        "name" : "uri",
        "rating" : 5,
        "actor" : [
                "vicky kaushal",
                "yami",
                "Paresh Rawal"
        ]
}
{
        "_id" : ObjectId("5ca456072952ebdd7ae2a930"),
        "name" : "paa",
        "actor" : [
                "Amitabh",
                "vidya balan",
                "Abhishek"
        ],
        "rating" : 5,
        "price" : 397.20000000000005,
        "ticket_no" : 210,
        "others" : {
                "director" : "R Balki",
                "songs" : "Amit trivedi"
        }
}
{
        "_id" : ObjectId("5c865923d82c19b8ed996550"),
        "name" : "Dil dhadakane do",
        "rating" : 5,
        "price" : 384.00000000000006,
        "actor" : "['Anil kapoor']"
}
{
        "_id" : ObjectId("636dcc0bf84de079f3ddea2b"),
        "name" : "kesari",
        "actor" : [ ],
        "rating" : 6,
        "ticket_no" : 345,
        "lastmodifed" : ISODate("2023-04-15T10:12:52.138Z"),
        "price" : 20,
        "ticket_num" : 300
}
{
        "_id" : ObjectId("636dcc57f84de079f3ddea2c"),
        "name" : "bahubali",
        "actor" : [
                "prabhas",
                "tamanna"
        ],
        "lastmodified" : ISODate("2022-11-11T05:24:20.718Z"),
        "rating" : 5
}
Type "it" for more
> db.movie.update({},{$mul:{price:1.02}},{multi:true});
WriteResult({
        "nMatched" : 0,
        "nUpserted" : 0,
        "nModified" : 0,
        "writeError" : {
                "code" : 14,
                "errmsg" : "Cannot apply $mul to a value of non-numeric type. {_id: ObjectId('5bf6a38c57b2d4cc676c7a96')} has the field 'price' of non-numeric type null"
        }
})
> db.movie.update({price:{$exists:true}},{$mul:{price:1.02}},{multi:true});
WriteResult({
        "nMatched" : 0,
        "nUpserted" : 0,
        "nModified" : 0,
        "writeError" : {
                "code" : 14,
                "errmsg" : "Cannot apply $mul to a value of non-numeric type. {_id: ObjectId('5bf6a38c57b2d4cc676c7a96')} has the field 'price' of non-numeric type null"
        }
})
> db.movie.update({price:{$nin:[null],$exists:true}},{$mul:{price:1.02}},{multi:true});
WriteResult({ "nMatched" : 21, "nUpserted" : 0, "nModified" : 21 })
> db.movie.find().pretty();
{
        "_id" : ObjectId("5aaa3334639395f86922a881"),
        "name" : "sholay",
        "actor" : [
                "Dharamendra",
                "Amitabh",
                "Sachin Pilgaokar",
                "Dharamendra",
                "Dharamendra",
                "Mr. Khote",
                "jaya bacchan",
                "sanjiv kapoor"
        ],
        "rating" : 6,
        "ticket_no" : 550,
        "price" : 460.03366800000015,
        "position" : [
                2,
                2
        ]
}
{
        "_id" : ObjectId("5bf6a38c57b2d4cc676c7a96"),
        "name" : "Andhadhund",
        "price" : null,
        "actor" : [
                "Tabbu"
        ],
        "rating" : 5
}
{
        "_id" : ObjectId("5bf6a36f57b2d4cc676c7a95"),
        "name" : "Andhadhund",
        "price" : 459.00000000000006,
        "actor" : [
                "Ayushman",
                "radhika"
        ],
        "rating" : 5
}
{
        "_id" : ObjectId("5aab6da4639395f86922a883"),
        "name" : "kahani 2",
        "ticket_no" : 820,
        "actor" : [
                "Arjun",
                "Jonny",
                "nawaz",
                "prasad",
                "Shreyas"
        ],
        "rating" : 4,
        "price" : 255.00000000000003,
        "lastmodifed" : ISODate("2023-04-15T10:12:52.138Z"),
        "ticket_num" : 300
}
{
        "_id" : ObjectId("5d6935a3470e2bef2a82cdfa"),
        "name" : "mission mangal",
        "price" : 402.9000000000001,
        "actor" : [
                "Sonakshi",
                "Vidya Balan"
        ],
        "rating" : 6
}
{
        "_id" : ObjectId("5d8f51ce065d3e2aa902aa22"),
        "name" : "dream girl",
        "actor" : [
                "ayushman",
                "nushrat bharucha"
        ],
        "price" : 290.7,
        "rating" : 5
}
{
        "_id" : ObjectId("5d89e9adfd4adc2f84279f43"),
        "name" : "chichore",
        "price" : 317.62800000000004,
        "rating" : 5,
        "actor" : [
                "sushant",
                "shradha kapoor",
                "zzz",
                "harshal"
        ]
}
{
        "_id" : ObjectId("5d8f6eec620d2353221b91dd"),
        "price" : 324.36,
        "rating" : 5
}
{
        "_id" : ObjectId("5ca47e5b2952ebdd7ae2a931"),
        "name" : "padmavat",
        "rating" : 5,
        "price" : 442.17000000000013,
        "ticket_no" : 300,
        "actor" : [
                "Deepika",
                "shahid kapoor",
                "ranveer singh",
                "aditi Rao",
                "aaaaa"
        ],
        "cancellation" : {
                "date" : Timestamp(1567175239, 1)
        }
}
{
        "_id" : ObjectId("5aaa31a2639395f86922a87e"),
        "name" : "kahani",
        "actor" : [
                "karan"
        ],
        "ticket_no" : 420,
        "price" : 339.15000000000003,
        "rating" : 6,
        "lastmodified" : ISODate("2019-04-07T11:25:40.634Z"),
        "actors" : [
                "bbbb"
        ],
        "lastmodifed" : ISODate("2023-04-15T10:12:52.138Z"),
        "ticket_num" : 300
}
{
        "_id" : ObjectId("5ca453ef2952ebdd7ae2a92f"),
        "name" : "Kesari",
        "actor" : [
                "Akshay Kumar",
                "Pariniti chopra"
        ],
        "rating" : 6,
        "price" : 402.9000000000001,
        "ticket_no" : 270,
        "rdate" : ISODate("2019-01-23T00:00:00Z")
}
{
        "_id" : ObjectId("5aaa3334639395f86922a880"),
        "name" : "lagaan",
        "actor" : [
                "amir",
                "angraz"
        ],
        "rating" : 6,
        "ticket_no" : 410,
        "price" : 402.9000000000001,
        "cancellation" : {
                "date" : Timestamp(1554356003, 1),
                "reason" : "user request"
        },
        "lastModified" : ISODate("2019-04-04T05:33:23.022Z")
}
{
        "_id" : ObjectId("5ca47ef82952ebdd7ae2a932"),
        "name" : "newton",
        "ticket_no" : 690,
        "actor" : [
                "Rajkumar Rao",
                "Pankaj Tripathi"
        ],
        "price" : 358.02,
        "lastmodified" : ISODate("2019-09-28T14:47:49.204Z"),
        "rating" : 5
}
{
        "_id" : ObjectId("5aaa3334639395f86922a882"),
        "name" : "aradhana",
        "actor" : [
                "amitabh",
                "prem",
                "rajesh khanna"
        ],
        "rating" : 5,
        "ticket_no" : 550,
        "price" : 301.92
}
{
        "_id" : ObjectId("5aaa31ee639395f86922a87f"),
        "name" : "3 idiots",
        "actor" : [
                "Kareena Kapoor",
                "amir",
                "kareena",
                "mahadavan",
                "sharman"
        ],
        "rating" : 5,
        "ticket_no" : 150,
        "price" : 234.60000000000002
}
{
        "_id" : ObjectId("5c8283789eb55675f0272933"),
        "name" : "uri",
        "rating" : 5,
        "actor" : [
                "vicky kaushal",
                "yami",
                "Paresh Rawal"
        ]
}
{
        "_id" : ObjectId("5ca456072952ebdd7ae2a930"),
        "name" : "paa",
        "actor" : [
                "Amitabh",
                "vidya balan",
                "Abhishek"
        ],
        "rating" : 5,
        "price" : 405.14400000000006,
        "ticket_no" : 210,
        "others" : {
                "director" : "R Balki",
                "songs" : "Amit trivedi"
        }
}
{
        "_id" : ObjectId("5c865923d82c19b8ed996550"),
        "name" : "Dil dhadakane do",
        "rating" : 5,
        "price" : 391.68000000000006,
        "actor" : "['Anil kapoor']"
}
{
        "_id" : ObjectId("636dcc0bf84de079f3ddea2b"),
        "name" : "kesari",
        "actor" : [ ],
        "rating" : 6,
        "ticket_no" : 345,
        "lastmodifed" : ISODate("2023-04-15T10:12:52.138Z"),
        "price" : 20.4,
        "ticket_num" : 300
}
{
        "_id" : ObjectId("636dcc57f84de079f3ddea2c"),
        "name" : "bahubali",
        "actor" : [
                "prabhas",
                "tamanna"
        ],
        "lastmodified" : ISODate("2022-11-11T05:24:20.718Z"),
        "rating" : 5
}
Type "it" for more
> db.movie.update({name:'3 idiots'},{$set:{rating:8}},{multi:true})
WriteResult({ "nMatched" : 1, "nUpserted" : 0, "nModified" : 1 })
> db.movie.find({name:'3 idiots'})
{ "_id" : ObjectId("5aaa31ee639395f86922a87f"), "name" : "3 idiots", "actor" : [ "Kareena Kapoor", "amir", "kareena", "mahadavan", "sharman" ], "rating" : 8, "ticket_no" : 150, "price" : 234.60000000000002 }
> db.movie.find({name:'3 idiots'}).pretty();
{
        "_id" : ObjectId("5aaa31ee639395f86922a87f"),
        "name" : "3 idiots",
        "actor" : [
                "Kareena Kapoor",
                "amir",
                "kareena",
                "mahadavan",
                "sharman"
        ],
        "rating" : 8,
        "ticket_no" : 150,
        "price" : 234.60000000000002
}
> db.movie.find({name:/^p/});
{ "_id" : ObjectId("5ca47e5b2952ebdd7ae2a931"), "name" : "padmavat", "rating" : 5, "price" : 442.17000000000013, "ticket_no" : 300, "actor" : [ "Deepika", "shahid kapoor", "ranveer singh", "aditi Rao", "aaaaa" ], "cancellation" : { "date" : Timestamp(1567175239, 1) } }
{ "_id" : ObjectId("5ca456072952ebdd7ae2a930"), "name" : "paa", "actor" : [ "Amitabh", "vidya balan", "Abhishek" ], "rating" : 5, "price" : 405.14400000000006, "ticket_no" : 210, "others" : { "director" : "R Balki", "songs" : "Amit trivedi" } }
{ "_id" : ObjectId("6437fc842e4a987443e5bf3b"), "name" : "pathan", "actor" : [ "shaharukh khan", "Deepika" ], "rating" : 2, "ticket_no" : 400 }
> db.movie.find({name:/^p/}).pretty();
{
        "_id" : ObjectId("5ca47e5b2952ebdd7ae2a931"),
        "name" : "padmavat",
        "rating" : 5,
        "price" : 442.17000000000013,
        "ticket_no" : 300,
        "actor" : [
                "Deepika",
                "shahid kapoor",
                "ranveer singh",
                "aditi Rao",
                "aaaaa"
        ],
        "cancellation" : {
                "date" : Timestamp(1567175239, 1)
        }
}
{
        "_id" : ObjectId("5ca456072952ebdd7ae2a930"),
        "name" : "paa",
        "actor" : [
                "Amitabh",
                "vidya balan",
                "Abhishek"
        ],
        "rating" : 5,
        "price" : 405.14400000000006,
        "ticket_no" : 210,
        "others" : {
                "director" : "R Balki",
                "songs" : "Amit trivedi"
        }
}
{
        "_id" : ObjectId("6437fc842e4a987443e5bf3b"),
        "name" : "pathan",
        "actor" : [
                "shaharukh khan",
                "Deepika"
        ],
        "rating" : 2,
        "ticket_no" : 400
}
> db.movie.update({name:/^p/},
... {
... $inc:{price:10,ticket_no:30},
... $set:{rating:7},
... $currentDate:{lastmodified:true}
... },
... {multi:true});
WriteResult({ "nMatched" : 3, "nUpserted" : 0, "nModified" : 3 })
> db.movie.find({name:/^p/}).pretty();
{
        "_id" : ObjectId("5ca47e5b2952ebdd7ae2a931"),
        "name" : "padmavat",
        "rating" : 7,
        "price" : 452.17000000000013,
        "ticket_no" : 330,
        "actor" : [
                "Deepika",
                "shahid kapoor",
                "ranveer singh",
                "aditi Rao",
                "aaaaa"
        ],
        "cancellation" : {
                "date" : Timestamp(1567175239, 1)
        },
        "lastmodified" : ISODate("2023-04-16T04:36:58.507Z")
}
{
        "_id" : ObjectId("5ca456072952ebdd7ae2a930"),
        "name" : "paa",
        "actor" : [
                "Amitabh",
                "vidya balan",
                "Abhishek"
        ],
        "rating" : 7,
        "price" : 415.14400000000006,
        "ticket_no" : 240,
        "others" : {
                "director" : "R Balki",
                "songs" : "Amit trivedi"
        },
        "lastmodified" : ISODate("2023-04-16T04:36:58.507Z")
}
{
        "_id" : ObjectId("6437fc842e4a987443e5bf3b"),
        "name" : "pathan",
        "actor" : [
                "shaharukh khan",
                "Deepika"
        ],
        "rating" : 7,
        "ticket_no" : 430,
        "lastmodified" : ISODate("2023-04-16T04:36:58.507Z"),
        "price" : 10
}
> db.movie.update({name:'pathan'},{$unset:{lastmodified:""}})
WriteResult({ "nMatched" : 1, "nUpserted" : 0, "nModified" : 1 })
> db.movie.find({name:'pathan'})
{ "_id" : ObjectId("6437fc842e4a987443e5bf3b"), "name" : "pathan", "actor" : [ "shaharukh khan", "Deepika" ], "rating" : 7, "ticket_no" : 430, "price" : 10 }
> db.movie.find({name:'pathan'}).pretty();
{
        "_id" : ObjectId("6437fc842e4a987443e5bf3b"),
        "name" : "pathan",
        "actor" : [
                "shaharukh khan",
                "Deepika"
        ],
        "rating" : 7,
        "ticket_no" : 430,
        "price" : 10
}
> db.movie.update({name:'pathan'},
... {$min:{rating:3}})
WriteResult({ "nMatched" : 1, "nUpserted" : 0, "nModified" : 1 })
> db.movie.find({name:'pathan'}).pretty();
{
        "_id" : ObjectId("6437fc842e4a987443e5bf3b"),
        "name" : "pathan",
        "actor" : [
                "shaharukh khan",
                "Deepika"
        ],
        "rating" : 3,
        "ticket_no" : 430,
        "price" : 10
}
> db.movie.update({name:'pathan'}, {$min:{rating:5}});
WriteResult({ "nMatched" : 1, "nUpserted" : 0, "nModified" : 0 })
> db.movie.find({name:'pathan'}).pretty();
{
        "_id" : ObjectId("6437fc842e4a987443e5bf3b"),
        "name" : "pathan",
        "actor" : [
                "shaharukh khan",
                "Deepika"
        ],
        "rating" : 3,
        "ticket_no" : 430,
        "price" : 10
}
> db.movie.update({name:'pathan'}, {$max:{rating:4}});
WriteResult({ "nMatched" : 1, "nUpserted" : 0, "nModified" : 1 })
> db.movie.find({name:'pathan'}).pretty();
{
        "_id" : ObjectId("6437fc842e4a987443e5bf3b"),
        "name" : "pathan",
        "actor" : [
                "shaharukh khan",
                "Deepika"
        ],
        "rating" : 4,
        "ticket_no" : 430,
        "price" : 10
}
> db.movie.update({name:'paa'}
... {$rename:{"lastmodified":"lastchange"}})
uncaught exception: SyntaxError: missing ) after argument list :
@(shell):2:0
> db.movie.update({name:'paa'}, {$rename:{"lastmodified":"lastchange"}})
WriteResult({ "nMatched" : 1, "nUpserted" : 0, "nModified" : 1 })
> db.movie.find({name:"paa"})
{ "_id" : ObjectId("5ca456072952ebdd7ae2a930"), "name" : "paa", "actor" : [ "Amitabh", "vidya balan", "Abhishek" ], "rating" : 7, "price" : 415.14400000000006, "ticket_no" : 240, "others" : { "director" : "R Balki", "songs" : "Amit trivedi" }, "lastchange" : ISODate("2023-04-16T04:36:58.507Z") }
> db.movie.find({name:"paa"}).pretty()
{
        "_id" : ObjectId("5ca456072952ebdd7ae2a930"),
        "name" : "paa",
        "actor" : [
                "Amitabh",
                "vidya balan",
                "Abhishek"
        ],
        "rating" : 7,
        "price" : 415.14400000000006,
        "ticket_no" : 240,
        "others" : {
                "director" : "R Balki",
                "songs" : "Amit trivedi"
        },
        "lastchange" : ISODate("2023-04-16T04:36:58.507Z")
}
> db.movie.update({name:'paa'},{$push:{actor:'xxx'}})
WriteResult({ "nMatched" : 1, "nUpserted" : 0, "nModified" : 1 })
> db.movie.find({name:"paa"}).pretty()
{
        "_id" : ObjectId("5ca456072952ebdd7ae2a930"),
        "name" : "paa",
        "actor" : [
                "Amitabh",
                "vidya balan",
                "Abhishek",
                "xxx"
        ],
        "rating" : 7,
        "price" : 415.14400000000006,
        "ticket_no" : 240,
        "others" : {
                "director" : "R Balki",
                "songs" : "Amit trivedi"
        },
        "lastchange" : ISODate("2023-04-16T04:36:58.507Z")
}
> db.movie.update({name:'paa'},
... {$push:{actor:{$each:['yyy','zzz']}}})
WriteResult({ "nMatched" : 1, "nUpserted" : 0, "nModified" : 1 })
> db.movie.find({name:"paa"}).pretty()
{
        "_id" : ObjectId("5ca456072952ebdd7ae2a930"),
        "name" : "paa",
        "actor" : [
                "Amitabh",
                "vidya balan",
                "Abhishek",
                "xxx",
                "yyy",
                "zzz"
        ],
        "rating" : 7,
        "price" : 415.14400000000006,
        "ticket_no" : 240,
        "others" : {
                "director" : "R Balki",
                "songs" : "Amit trivedi"
        },
        "lastchange" : ISODate("2023-04-16T04:36:58.507Z")
}
> db.restaurent.find({cuisine:{$ne:'American'},'grades.grade':'A',"borough":{$ne:'Brooklyn'}}).sort({cuisine:-1});
{ "_id" : ObjectId("636c96531a9a6f4f9d24eb2f"), "address" : { "building" : "89", "coord" : [ -73.9995899, 40.7168015 ], "street" : "Baxter Street", "zipcode" : "10013" }, "borough" : "Manhattan", "cuisine" : "Vietnamese/Cambodian/Malaysia", "grades" : [ { "date" : ISODate("2014-08-21T00:00:00Z"), "grade" : "A", "score" : 13 }, { "date" : ISODate("2013-08-31T00:00:00Z"), "grade" : "A", "score" : 13 }, { "date" : ISODate("2013-04-11T00:00:00Z"), "grade" : "C", "score" : 3 }, { "date" : ISODate("2012-10-17T00:00:00Z"), "grade" : "A", "score" : 4 }, { "date" : ISODate("2012-05-15T00:00:00Z"), "grade" : "A", "score" : 10 } ], "name" : "Thai Son", "restaurant_id" : "40559606" }
{ "_id" : ObjectId("636c96531a9a6f4f9d24ebea"), "address" : { "building" : "8278", "coord" : [ -73.88143509999999, 40.7412552 ], "street" : "Broadway", "zipcode" : "11373" }, "borough" : "Queens", "cuisine" : "Vietnamese/Cambodian/Malaysia", "grades" : [ { "date" : ISODate("2014-06-12T00:00:00Z"), "grade" : "B", "score" : 21 }, { "date" : ISODate("2013-05-20T00:00:00Z"), "grade" : "A", "score" : 13 }, { "date" : ISODate("2012-12-26T00:00:00Z"), "grade" : "A", "score" : 10 }, { "date" : ISODate("2012-12-03T00:00:00Z"), "grade" : "P", "score" : 5 }, { "date" : ISODate("2012-05-04T00:00:00Z"), "grade" : "B", "score" : 27 } ], "name" : "Pho Bac Vietnamese Seafood Cuisine", "restaurant_id" : "40578058" }
{ "_id" : ObjectId("636c96531a9a6f4f9d24efd8"), "address" : { "building" : "148", "coord" : [ -74.000254, 40.7172727 ], "street" : "Centre Street", "zipcode" : "10013" }, "borough" : "Manhattan", "cuisine" : "Vietnamese/Cambodian/Malaysia", "grades" : [ { "date" : ISODate("2014-10-01T00:00:00Z"), "grade" : "A", "score" : 7 }, { "date" : ISODate("2014-05-19T00:00:00Z"), "grade" : "C", "score" : 5 }, { "date" : ISODate("2013-11-15T00:00:00Z"), "grade" : "B", "score" : 14 }, { "date" : ISODate("2013-03-08T00:00:00Z"), "grade" : "B", "score" : 25 }, { "date" : ISODate("2012-05-22T00:00:00Z"), "grade" : "B", "score" : 23 }, { "date" : ISODate("2011-10-27T00:00:00Z"), "grade" : "A", "score" : 9 } ], "name" : "Nha-Trang Centre Vietnam Restaurant", "restaurant_id" : "40751226" }
{ "_id" : ObjectId("636c96531a9a6f4f9d24f2e9"), "address" : { "building" : "158", "coord" : [ -74.0025903, 40.7443077 ], "street" : "9 Avenue", "zipcode" : "10011" }, "borough" : "Manhattan", "cuisine" : "Vietnamese/Cambodian/Malaysia", "grades" : [ { "date" : ISODate("2014-07-15T00:00:00Z"), "grade" : "A", "score" : 11 }, { "date" : ISODate("2014-01-14T00:00:00Z"), "grade" : "A", "score" : 9 }, { "date" : ISODate("2013-04-16T00:00:00Z"), "grade" : "B", "score" : 18 }, { "date" : ISODate("2012-02-15T00:00:00Z"), "grade" : "A", "score" : 7 } ], "name" : "O-Mai", "restaurant_id" : "40903063" }
{ "_id" : ObjectId("636c96531a9a6f4f9d24f580"), "address" : { "building" : "87", "coord" : [ -73.99961909999999, 40.7167408 ], "street" : "Baxter Street", "zipcode" : "10013" }, "borough" : "Manhattan", "cuisine" : "Vietnamese/Cambodian/Malaysia", "grades" : [ { "date" : ISODate("2015-01-06T00:00:00Z"), "grade" : "A", "score" : 11 }, { "date" : ISODate("2014-01-23T00:00:00Z"), "grade" : "A", "score" : 10 }, { "date" : ISODate("2013-01-08T00:00:00Z"), "grade" : "A", "score" : 13 }, { "date" : ISODate("2012-06-05T00:00:00Z"), "grade" : "A", "score" : 10 } ], "name" : "Nha Trang Restaurant", "restaurant_id" : "40989220" }
{ "_id" : ObjectId("636c96531a9a6f4f9d24f622"), "address" : { "building" : "80", "coord" : [ -73.99862900000001, 40.7158191 ], "street" : "Bayard Street", "zipcode" : "10013" }, "borough" : "Manhattan", "cuisine" : "Vietnamese/Cambodian/Malaysia", "grades" : [ { "date" : ISODate("2014-11-07T00:00:00Z"), "grade" : "B", "score" : 27 }, { "date" : ISODate("2014-07-05T00:00:00Z"), "grade" : "B", "score" : 27 }, { "date" : ISODate("2013-10-29T00:00:00Z"), "grade" : "A", "score" : 2 }, { "date" : ISODate("2013-06-28T00:00:00Z"), "grade" : "C", "score" : 5 }, { "date" : ISODate("2013-01-22T00:00:00Z"), "grade" : "B", "score" : 14 }, { "date" : ISODate("2012-07-18T00:00:00Z"), "grade" : "C", "score" : 42 }, { "date" : ISODate("2012-02-10T00:00:00Z"), "grade" : "A", "score" : 13 } ], "name" : "New Bo Ky Restaurant", "restaurant_id" : "41005330" }
{ "_id" : ObjectId("636c96531a9a6f4f9d24f6e4"), "address" : { "building" : "156-32", "coord" : [ -73.8087286, 40.7639199 ], "street" : "Northern Boulevard", "zipcode" : "11354" }, "borough" : "Queens", "cuisine" : "Vietnamese/Cambodian/Malaysia", "grades" : [ { "date" : ISODate("2014-09-11T00:00:00Z"), "grade" : "A", "score" : 13 }, { "date" : ISODate("2014-04-08T00:00:00Z"), "grade" : "A", "score" : 11 }, { "date" : ISODate("2013-10-07T00:00:00Z"), "grade" : "A", "score" : 12 }, { "date" : ISODate("2012-09-13T00:00:00Z"), "grade" : "A", "score" : 2 }, { "date" : ISODate("2012-04-26T00:00:00Z"), "grade" : "A", "score" : 7 }, { "date" : ISODate("2011-11-09T00:00:00Z"), "grade" : "A", "score" : 10 } ], "name" : "Mekong Thai And Vietnamese Restaurant", "restaurant_id" : "41022628" }
{ "_id" : ObjectId("636c96531a9a6f4f9d24f717"), "address" : { "building" : "2", "coord" : [ -73.9862038, 40.747189 ], "street" : "West   32 Street", "zipcode" : "10001" }, "borough" : "Manhattan", "cuisine" : "Vietnamese/Cambodian/Malaysia", "grades" : [ { "date" : ISODate("2014-12-01T00:00:00Z"), "grade" : "Z", "score" : 18 }, { "date" : ISODate("2014-05-27T00:00:00Z"), "grade" : "A", "score" : 12 }, { "date" : ISODate("2013-10-01T00:00:00Z"), "grade" : "B", "score" : 17 }, { "date" : ISODate("2012-09-21T00:00:00Z"), "grade" : "A", "score" : 7 }, { "date" : ISODate("2012-03-05T00:00:00Z"), "grade" : "A", "score" : 13 } ], "name" : "Pho 32 & Shabu", "restaurant_id" : "41026002" }
{ "_id" : ObjectId("636c96531a9a6f4f9d24f82d"), "address" : { "building" : "345", "coord" : [ -74.0102595, 40.7184972 ], "street" : "Greenwich Street", "zipcode" : "10013" }, "borough" : "Manhattan", "cuisine" : "Vietnamese/Cambodian/Malaysia", "grades" : [ { "date" : ISODate("2014-08-22T00:00:00Z"), "grade" : "A", "score" : 9 }, { "date" : ISODate("2014-03-15T00:00:00Z"), "grade" : "B", "score" : 18 }, { "date" : ISODate("2012-10-17T00:00:00Z"), "grade" : "A", "score" : 10 }, { "date" : ISODate("2012-05-08T00:00:00Z"), "grade" : "B", "score" : 19 }, { "date" : ISODate("2011-12-16T00:00:00Z"), "grade" : "A", "score" : 12 } ], "name" : "Viet Cafe", "restaurant_id" : "41063946" }
{ "_id" : ObjectId("636c96531a9a6f4f9d24fb22"), "address" : { "building" : "4107", "coord" : [ -73.8293161, 40.7583823 ], "street" : "Kissena Boulevard", "zipcode" : "11355" }, "borough" : "Queens", "cuisine" : "Vietnamese/Cambodian/Malaysia", "grades" : [ { "date" : ISODate("2014-11-13T00:00:00Z"), "grade" : "A", "score" : 10 }, { "date" : ISODate("2014-05-20T00:00:00Z"), "grade" : "A", "score" : 8 }, { "date" : ISODate("2013-10-16T00:00:00Z"), "grade" : "B", "score" : 22 }, { "date" : ISODate("2013-03-20T00:00:00Z"), "grade" : "B", "score" : 18 }, { "date" : ISODate("2012-08-01T00:00:00Z"), "grade" : "B", "score" : 16 }, { "date" : ISODate("2011-12-14T00:00:00Z"), "grade" : "B", "score" : 17 } ], "name" : "Pho Bang Restaurant", "restaurant_id" : "41145163" }
{ "_id" : ObjectId("636c96531a9a6f4f9d24fd07"), "address" : { "building" : "342", "coord" : [ -73.986646, 40.7264594 ], "street" : "East 6 Street", "zipcode" : "10003" }, "borough" : "Manhattan", "cuisine" : "Vietnamese/Cambodian/Malaysia", "grades" : [ { "date" : ISODate("2014-12-04T00:00:00Z"), "grade" : "A", "score" : 11 }, { "date" : ISODate("2014-06-27T00:00:00Z"), "grade" : "A", "score" : 8 }, { "date" : ISODate("2013-07-30T00:00:00Z"), "grade" : "A", "score" : 13 }, { "date" : ISODate("2012-05-31T00:00:00Z"), "grade" : "A", "score" : 10 } ], "name" : "Lan Cafe", "restaurant_id" : "41184550" }
{ "_id" : ObjectId("636c96531a9a6f4f9d24fdb7"), "address" : { "building" : "18", "coord" : [ -74.0034562, 40.7275645 ], "street" : "King Street", "zipcode" : "10014" }, "borough" : "Manhattan", "cuisine" : "Vietnamese/Cambodian/Malaysia", "grades" : [ { "date" : ISODate("2014-02-18T00:00:00Z"), "grade" : "A", "score" : 12 }, { "date" : ISODate("2013-08-20T00:00:00Z"), "grade" : "A", "score" : 10 }, { "date" : ISODate("2013-03-05T00:00:00Z"), "grade" : "C", "score" : 45 }, { "date" : ISODate("2012-04-06T00:00:00Z"), "grade" : "B", "score" : 19 }, { "date" : ISODate("2011-09-22T00:00:00Z"), "grade" : "A", "score" : 9 } ], "name" : "New Mekong Restaurant", "restaurant_id" : "41202673" }
{ "_id" : ObjectId("636c96531a9a6f4f9d24fe83"), "address" : { "building" : "4010", "coord" : [ -73.8915947, 40.746408 ], "street" : "74 Street", "zipcode" : "11373" }, "borough" : "Queens", "cuisine" : "Vietnamese/Cambodian/Malaysia", "grades" : [ { "date" : ISODate("2014-08-12T00:00:00Z"), "grade" : "A", "score" : 7 }, { "date" : ISODate("2014-01-09T00:00:00Z"), "grade" : "B", "score" : 25 }, { "date" : ISODate("2013-06-25T00:00:00Z"), "grade" : "A", "score" : 13 }, { "date" : ISODate("2012-05-07T00:00:00Z"), "grade" : "A", "score" : 12 }, { "date" : ISODate("2011-12-28T00:00:00Z"), "grade" : "A", "score" : 12 } ], "name" : "Thai Son", "restaurant_id" : "41221266" }
{ "_id" : ObjectId("636c96531a9a6f4f9d250090"), "address" : { "building" : "369", "coord" : [ -73.9959432, 40.7200254 ], "street" : "Broome Street", "zipcode" : "10013" }, "borough" : "Manhattan", "cuisine" : "Vietnamese/Cambodian/Malaysia", "grades" : [ { "date" : ISODate("2014-08-01T00:00:00Z"), "grade" : "A", "score" : 9 }, { "date" : ISODate("2014-02-11T00:00:00Z"), "grade" : "A", "score" : 13 }, { "date" : ISODate("2013-01-24T00:00:00Z"), "grade" : "A", "score" : 12 }, { "date" : ISODate("2012-06-22T00:00:00Z"), "grade" : "A", "score" : 5 }, { "date" : ISODate("2012-01-18T00:00:00Z"), "grade" : "A", "score" : 2 } ], "name" : "Saigon Vietnamese Sandwich", "restaurant_id" : "41254832" }
{ "_id" : ObjectId("636c96531a9a6f4f9d25059b"), "address" : { "building" : "82-90", "coord" : [ -73.8848687, 40.743896 ], "street" : "Broadway", "zipcode" : "11373" }, "borough" : "Queens", "cuisine" : "Vietnamese/Cambodian/Malaysia", "grades" : [ { "date" : ISODate("2014-07-02T00:00:00Z"), "grade" : "B", "score" : 26 }, { "date" : ISODate("2013-10-23T00:00:00Z"), "grade" : "B", "score" : 18 }, { "date" : ISODate("2013-05-30T00:00:00Z"), "grade" : "B", "score" : 22 }, { "date" : ISODate("2012-12-18T00:00:00Z"), "grade" : "A", "score" : 7 }, { "date" : ISODate("2012-09-04T00:00:00Z"), "grade" : "C", "score" : 10 }, { "date" : ISODate("2012-02-24T00:00:00Z"), "grade" : "B", "score" : 17 } ], "name" : "Pho Bang Restaurant", "restaurant_id" : "41338955" }
{ "_id" : ObjectId("636c96531a9a6f4f9d2507c8"), "address" : { "building" : "102", "coord" : [ -73.99543899999999, 40.717846 ], "street" : "Bowery", "zipcode" : "10013" }, "borough" : "Manhattan", "cuisine" : "Vietnamese/Cambodian/Malaysia", "grades" : [ { "date" : ISODate("2014-12-20T00:00:00Z"), "grade" : "A", "score" : 13 }, { "date" : ISODate("2014-07-08T00:00:00Z"), "grade" : "A", "score" : 11 }, { "date" : ISODate("2013-11-25T00:00:00Z"), "grade" : "A", "score" : 6 }, { "date" : ISODate("2013-04-04T00:00:00Z"), "grade" : "B", "score" : 15 }, { "date" : ISODate("2012-08-21T00:00:00Z"), "grade" : "A", "score" : 13 }, { "date" : ISODate("2012-03-22T00:00:00Z"), "grade" : "A", "score" : 13 } ], "name" : "New Tu Do Restaurant", "restaurant_id" : "41374711" }
{ "_id" : ObjectId("636c96531a9a6f4f9d2507ca"), "address" : { "building" : "277", "coord" : [ -73.9927639, 40.717627 ], "street" : "Grand Street", "zipcode" : "10002" }, "borough" : "Manhattan", "cuisine" : "Vietnamese/Cambodian/Malaysia", "grades" : [ { "date" : ISODate("2014-04-09T00:00:00Z"), "grade" : "A", "score" : 12 }, { "date" : ISODate("2013-09-09T00:00:00Z"), "grade" : "A", "score" : 10 }, { "date" : ISODate("2013-04-24T00:00:00Z"), "grade" : "C", "score" : 0 }, { "date" : ISODate("2012-06-22T00:00:00Z"), "grade" : "A", "score" : 12 }, { "date" : ISODate("2011-11-18T00:00:00Z"), "grade" : "A", "score" : 11 }, { "date" : ISODate("2011-04-20T00:00:00Z"), "grade" : "B", "score" : 15 } ], "name" : "Pho Grand", "restaurant_id" : "41375457" }
{ "_id" : ObjectId("636c96531a9a6f4f9d250821"), "address" : { "building" : "3802", "coord" : [ -73.83283279999999, 40.7600184 ], "street" : "Prince Street", "zipcode" : "11354" }, "borough" : "Queens", "cuisine" : "Vietnamese/Cambodian/Malaysia", "grades" : [ { "date" : ISODate("2014-06-02T00:00:00Z"), "grade" : "A", "score" : 9 }, { "date" : ISODate("2013-12-03T00:00:00Z"), "grade" : "A", "score" : 11 }, { "date" : ISODate("2012-07-19T00:00:00Z"), "grade" : "A", "score" : 7 }, { "date" : ISODate("2012-03-06T00:00:00Z"), "grade" : "A", "score" : 9 } ], "name" : "Pho Vietnamese Restaurant", "restaurant_id" : "41379217" }
{ "_id" : ObjectId("636c96531a9a6f4f9d2508ca"), "address" : { "building" : "85", "coord" : [ -73.9904772, 40.7179481 ], "street" : "Orchard Street", "zipcode" : "10002" }, "borough" : "Manhattan", "cuisine" : "Vietnamese/Cambodian/Malaysia", "grades" : [ { "date" : ISODate("2014-12-18T00:00:00Z"), "grade" : "A", "score" : 5 }, { "date" : ISODate("2013-12-03T00:00:00Z"), "grade" : "A", "score" : 4 }, { "date" : ISODate("2013-06-19T00:00:00Z"), "grade" : "A", "score" : 9 }, { "date" : ISODate("2012-11-21T00:00:00Z"), "grade" : "B", "score" : 20 }, { "date" : ISODate("2012-05-09T00:00:00Z"), "grade" : "A", "score" : 9 } ], "name" : "An Choi", "restaurant_id" : "41386399" }
{ "_id" : ObjectId("636c96531a9a6f4f9d250b37"), "address" : { "building" : "120", "coord" : [ -74.005578, 40.732983 ], "street" : "Christopher Street", "zipcode" : "10014" }, "borough" : "Manhattan", "cuisine" : "Vietnamese/Cambodian/Malaysia", "grades" : [ { "date" : ISODate("2014-09-16T00:00:00Z"), "grade" : "A", "score" : 13 }, { "date" : ISODate("2014-04-28T00:00:00Z"), "grade" : "C", "score" : 2 }, { "date" : ISODate("2013-02-28T00:00:00Z"), "grade" : "A", "score" : 10 }, { "date" : ISODate("2012-10-19T00:00:00Z"), "grade" : "C", "score" : 5 }, { "date" : ISODate("2012-05-02T00:00:00Z"), "grade" : "B", "score" : 20 }, { "date" : ISODate("2011-11-14T00:00:00Z"), "grade" : "A", "score" : 7 } ], "name" : "Baoguette Pho Sure", "restaurant_id" : "41414673" }
Type "it" for more
> db.restaurent.find({cuisine:{$ne:'American'},'grades.grade':'A',"borough":{$ne:'Brooklyn'}}).sort({cuisine:-1}).pretty();
{
        "_id" : ObjectId("636c96531a9a6f4f9d24eb2f"),
        "address" : {
                "building" : "89",
                "coord" : [
                        -73.9995899,
                        40.7168015
                ],
                "street" : "Baxter Street",
                "zipcode" : "10013"
        },
        "borough" : "Manhattan",
        "cuisine" : "Vietnamese/Cambodian/Malaysia",
        "grades" : [
                {
                        "date" : ISODate("2014-08-21T00:00:00Z"),
                        "grade" : "A",
                        "score" : 13
                },
                {
                        "date" : ISODate("2013-08-31T00:00:00Z"),
                        "grade" : "A",
                        "score" : 13
                },
                {
                        "date" : ISODate("2013-04-11T00:00:00Z"),
                        "grade" : "C",
                        "score" : 3
                },
                {
                        "date" : ISODate("2012-10-17T00:00:00Z"),
                        "grade" : "A",
                        "score" : 4
                },
                {
                        "date" : ISODate("2012-05-15T00:00:00Z"),
                        "grade" : "A",
                        "score" : 10
                }
        ],
        "name" : "Thai Son",
        "restaurant_id" : "40559606"
}
{
        "_id" : ObjectId("636c96531a9a6f4f9d24ebea"),
        "address" : {
                "building" : "8278",
                "coord" : [
                        -73.88143509999999,
                        40.7412552
                ],
                "street" : "Broadway",
                "zipcode" : "11373"
        },
        "borough" : "Queens",
        "cuisine" : "Vietnamese/Cambodian/Malaysia",
        "grades" : [
                {
                        "date" : ISODate("2014-06-12T00:00:00Z"),
                        "grade" : "B",
                        "score" : 21
                },
                {
                        "date" : ISODate("2013-05-20T00:00:00Z"),
                        "grade" : "A",
                        "score" : 13
                },
                {
                        "date" : ISODate("2012-12-26T00:00:00Z"),
                        "grade" : "A",
                        "score" : 10
                },
                {
                        "date" : ISODate("2012-12-03T00:00:00Z"),
                        "grade" : "P",
                        "score" : 5
                },
                {
                        "date" : ISODate("2012-05-04T00:00:00Z"),
                        "grade" : "B",
                        "score" : 27
                }
        ],
        "name" : "Pho Bac Vietnamese Seafood Cuisine",
        "restaurant_id" : "40578058"
}
{
        "_id" : ObjectId("636c96531a9a6f4f9d24efd8"),
        "address" : {
                "building" : "148",
                "coord" : [
                        -74.000254,
                        40.7172727
                ],
                "street" : "Centre Street",
                "zipcode" : "10013"
        },
        "borough" : "Manhattan",
        "cuisine" : "Vietnamese/Cambodian/Malaysia",
        "grades" : [
                {
                        "date" : ISODate("2014-10-01T00:00:00Z"),
                        "grade" : "A",
                        "score" : 7
                },
                {
                        "date" : ISODate("2014-05-19T00:00:00Z"),
                        "grade" : "C",
                        "score" : 5
                },
                {
                        "date" : ISODate("2013-11-15T00:00:00Z"),
                        "grade" : "B",
                        "score" : 14
                },
                {
                        "date" : ISODate("2013-03-08T00:00:00Z"),
                        "grade" : "B",
                        "score" : 25
                },
                {
                        "date" : ISODate("2012-05-22T00:00:00Z"),
                        "grade" : "B",
                        "score" : 23
                },
                {
                        "date" : ISODate("2011-10-27T00:00:00Z"),
                        "grade" : "A",
                        "score" : 9
                }
        ],
        "name" : "Nha-Trang Centre Vietnam Restaurant",
        "restaurant_id" : "40751226"
}
{
        "_id" : ObjectId("636c96531a9a6f4f9d24f2e9"),
        "address" : {
                "building" : "158",
                "coord" : [
                        -74.0025903,
                        40.7443077
                ],
                "street" : "9 Avenue",
                "zipcode" : "10011"
        },
        "borough" : "Manhattan",
        "cuisine" : "Vietnamese/Cambodian/Malaysia",
        "grades" : [
                {
                        "date" : ISODate("2014-07-15T00:00:00Z"),
                        "grade" : "A",
                        "score" : 11
                },
                {
                        "date" : ISODate("2014-01-14T00:00:00Z"),
                        "grade" : "A",
                        "score" : 9
                },
                {
                        "date" : ISODate("2013-04-16T00:00:00Z"),
                        "grade" : "B",
                        "score" : 18
                },
                {
                        "date" : ISODate("2012-02-15T00:00:00Z"),
                        "grade" : "A",
                        "score" : 7
                }
        ],
        "name" : "O-Mai",
        "restaurant_id" : "40903063"
}
{
        "_id" : ObjectId("636c96531a9a6f4f9d24f580"),
        "address" : {
                "building" : "87",
                "coord" : [
                        -73.99961909999999,
                        40.7167408
                ],
                "street" : "Baxter Street",
                "zipcode" : "10013"
        },
        "borough" : "Manhattan",
        "cuisine" : "Vietnamese/Cambodian/Malaysia",
        "grades" : [
                {
                        "date" : ISODate("2015-01-06T00:00:00Z"),
                        "grade" : "A",
                        "score" : 11
                },
                {
                        "date" : ISODate("2014-01-23T00:00:00Z"),
                        "grade" : "A",
                        "score" : 10
                },
                {
                        "date" : ISODate("2013-01-08T00:00:00Z"),
                        "grade" : "A",
                        "score" : 13
                },
                {
                        "date" : ISODate("2012-06-05T00:00:00Z"),
                        "grade" : "A",
                        "score" : 10
                }
        ],
        "name" : "Nha Trang Restaurant",
        "restaurant_id" : "40989220"
}
{
        "_id" : ObjectId("636c96531a9a6f4f9d24f622"),
        "address" : {
                "building" : "80",
                "coord" : [
                        -73.99862900000001,
                        40.7158191
                ],
                "street" : "Bayard Street",
                "zipcode" : "10013"
        },
        "borough" : "Manhattan",
        "cuisine" : "Vietnamese/Cambodian/Malaysia",
        "grades" : [
                {
                        "date" : ISODate("2014-11-07T00:00:00Z"),
                        "grade" : "B",
                        "score" : 27
                },
                {
                        "date" : ISODate("2014-07-05T00:00:00Z"),
                        "grade" : "B",
                        "score" : 27
                },
                {
                        "date" : ISODate("2013-10-29T00:00:00Z"),
                        "grade" : "A",
                        "score" : 2
                },
                {
                        "date" : ISODate("2013-06-28T00:00:00Z"),
                        "grade" : "C",
                        "score" : 5
                },
                {
                        "date" : ISODate("2013-01-22T00:00:00Z"),
                        "grade" : "B",
                        "score" : 14
                },
                {
                        "date" : ISODate("2012-07-18T00:00:00Z"),
                        "grade" : "C",
                        "score" : 42
                },
                {
                        "date" : ISODate("2012-02-10T00:00:00Z"),
                        "grade" : "A",
                        "score" : 13
                }
        ],
        "name" : "New Bo Ky Restaurant",
        "restaurant_id" : "41005330"
}
{
        "_id" : ObjectId("636c96531a9a6f4f9d24f6e4"),
        "address" : {
                "building" : "156-32",
                "coord" : [
                        -73.8087286,
                        40.7639199
                ],
                "street" : "Northern Boulevard",
                "zipcode" : "11354"
        },
        "borough" : "Queens",
        "cuisine" : "Vietnamese/Cambodian/Malaysia",
        "grades" : [
                {
                        "date" : ISODate("2014-09-11T00:00:00Z"),
                        "grade" : "A",
                        "score" : 13
                },
                {
                        "date" : ISODate("2014-04-08T00:00:00Z"),
                        "grade" : "A",
                        "score" : 11
                },
                {
                        "date" : ISODate("2013-10-07T00:00:00Z"),
                        "grade" : "A",
                        "score" : 12
                },
                {
                        "date" : ISODate("2012-09-13T00:00:00Z"),
                        "grade" : "A",
                        "score" : 2
                },
                {
                        "date" : ISODate("2012-04-26T00:00:00Z"),
                        "grade" : "A",
                        "score" : 7
                },
                {
                        "date" : ISODate("2011-11-09T00:00:00Z"),
                        "grade" : "A",
                        "score" : 10
                }
        ],
        "name" : "Mekong Thai And Vietnamese Restaurant",
        "restaurant_id" : "41022628"
}
{
        "_id" : ObjectId("636c96531a9a6f4f9d24f717"),
        "address" : {
                "building" : "2",
                "coord" : [
                        -73.9862038,
                        40.747189
                ],
                "street" : "West   32 Street",
                "zipcode" : "10001"
        },
        "borough" : "Manhattan",
        "cuisine" : "Vietnamese/Cambodian/Malaysia",
        "grades" : [
                {
                        "date" : ISODate("2014-12-01T00:00:00Z"),
                        "grade" : "Z",
                        "score" : 18
                },
                {
                        "date" : ISODate("2014-05-27T00:00:00Z"),
                        "grade" : "A",
                        "score" : 12
                },
                {
                        "date" : ISODate("2013-10-01T00:00:00Z"),
                        "grade" : "B",
                        "score" : 17
                },
                {
                        "date" : ISODate("2012-09-21T00:00:00Z"),
                        "grade" : "A",
                        "score" : 7
                },
                {
                        "date" : ISODate("2012-03-05T00:00:00Z"),
                        "grade" : "A",
                        "score" : 13
                }
        ],
        "name" : "Pho 32 & Shabu",
        "restaurant_id" : "41026002"
}
{
        "_id" : ObjectId("636c96531a9a6f4f9d24f82d"),
        "address" : {
                "building" : "345",
                "coord" : [
                        -74.0102595,
                        40.7184972
                ],
                "street" : "Greenwich Street",
                "zipcode" : "10013"
        },
        "borough" : "Manhattan",
        "cuisine" : "Vietnamese/Cambodian/Malaysia",
        "grades" : [
                {
                        "date" : ISODate("2014-08-22T00:00:00Z"),
                        "grade" : "A",
                        "score" : 9
                },
                {
                        "date" : ISODate("2014-03-15T00:00:00Z"),
                        "grade" : "B",
                        "score" : 18
                },
                {
                        "date" : ISODate("2012-10-17T00:00:00Z"),
                        "grade" : "A",
                        "score" : 10
                },
                {
                        "date" : ISODate("2012-05-08T00:00:00Z"),
                        "grade" : "B",
                        "score" : 19
                },
                {
                        "date" : ISODate("2011-12-16T00:00:00Z"),
                        "grade" : "A",
                        "score" : 12
                }
        ],
        "name" : "Viet Cafe",
        "restaurant_id" : "41063946"
}
{
        "_id" : ObjectId("636c96531a9a6f4f9d24fb22"),
        "address" : {
                "building" : "4107",
                "coord" : [
                        -73.8293161,
                        40.7583823
                ],
                "street" : "Kissena Boulevard",
                "zipcode" : "11355"
        },
        "borough" : "Queens",
        "cuisine" : "Vietnamese/Cambodian/Malaysia",
        "grades" : [
                {
                        "date" : ISODate("2014-11-13T00:00:00Z"),
                        "grade" : "A",
                        "score" : 10
                },
                {
                        "date" : ISODate("2014-05-20T00:00:00Z"),
                        "grade" : "A",
                        "score" : 8
                },
                {
                        "date" : ISODate("2013-10-16T00:00:00Z"),
                        "grade" : "B",
                        "score" : 22
                },
                {
                        "date" : ISODate("2013-03-20T00:00:00Z"),
                        "grade" : "B",
                        "score" : 18
                },
                {
                        "date" : ISODate("2012-08-01T00:00:00Z"),
                        "grade" : "B",
                        "score" : 16
                },
                {
                        "date" : ISODate("2011-12-14T00:00:00Z"),
                        "grade" : "B",
                        "score" : 17
                }
        ],
        "name" : "Pho Bang Restaurant",
        "restaurant_id" : "41145163"
}
{
        "_id" : ObjectId("636c96531a9a6f4f9d24fd07"),
        "address" : {
                "building" : "342",
                "coord" : [
                        -73.986646,
                        40.7264594
                ],
                "street" : "East 6 Street",
                "zipcode" : "10003"
        },
        "borough" : "Manhattan",
        "cuisine" : "Vietnamese/Cambodian/Malaysia",
        "grades" : [
                {
                        "date" : ISODate("2014-12-04T00:00:00Z"),
                        "grade" : "A",
                        "score" : 11
                },
                {
                        "date" : ISODate("2014-06-27T00:00:00Z"),
                        "grade" : "A",
                        "score" : 8
                },
                {
                        "date" : ISODate("2013-07-30T00:00:00Z"),
                        "grade" : "A",
                        "score" : 13
                },
                {
                        "date" : ISODate("2012-05-31T00:00:00Z"),
                        "grade" : "A",
                        "score" : 10
                }
        ],
        "name" : "Lan Cafe",
        "restaurant_id" : "41184550"
}
{
        "_id" : ObjectId("636c96531a9a6f4f9d24fdb7"),
        "address" : {
                "building" : "18",
                "coord" : [
                        -74.0034562,
                        40.7275645
                ],
                "street" : "King Street",
                "zipcode" : "10014"
        },
        "borough" : "Manhattan",
        "cuisine" : "Vietnamese/Cambodian/Malaysia",
        "grades" : [
                {
                        "date" : ISODate("2014-02-18T00:00:00Z"),
                        "grade" : "A",
                        "score" : 12
                },
                {
                        "date" : ISODate("2013-08-20T00:00:00Z"),
                        "grade" : "A",
                        "score" : 10
                },
                {
                        "date" : ISODate("2013-03-05T00:00:00Z"),
                        "grade" : "C",
                        "score" : 45
                },
                {
                        "date" : ISODate("2012-04-06T00:00:00Z"),
                        "grade" : "B",
                        "score" : 19
                },
                {
                        "date" : ISODate("2011-09-22T00:00:00Z"),
                        "grade" : "A",
                        "score" : 9
                }
        ],
        "name" : "New Mekong Restaurant",
        "restaurant_id" : "41202673"
}
{
        "_id" : ObjectId("636c96531a9a6f4f9d24fe83"),
        "address" : {
                "building" : "4010",
                "coord" : [
                        -73.8915947,
                        40.746408
                ],
                "street" : "74 Street",
                "zipcode" : "11373"
        },
        "borough" : "Queens",
        "cuisine" : "Vietnamese/Cambodian/Malaysia",
        "grades" : [
                {
                        "date" : ISODate("2014-08-12T00:00:00Z"),
                        "grade" : "A",
                        "score" : 7
                },
                {
                        "date" : ISODate("2014-01-09T00:00:00Z"),
                        "grade" : "B",
                        "score" : 25
                },
                {
                        "date" : ISODate("2013-06-25T00:00:00Z"),
                        "grade" : "A",
                        "score" : 13
                },
                {
                        "date" : ISODate("2012-05-07T00:00:00Z"),
                        "grade" : "A",
                        "score" : 12
                },
                {
                        "date" : ISODate("2011-12-28T00:00:00Z"),
                        "grade" : "A",
                        "score" : 12
                }
        ],
        "name" : "Thai Son",
        "restaurant_id" : "41221266"
}
{
        "_id" : ObjectId("636c96531a9a6f4f9d250090"),
        "address" : {
                "building" : "369",
                "coord" : [
                        -73.9959432,
                        40.7200254
                ],
                "street" : "Broome Street",
                "zipcode" : "10013"
        },
        "borough" : "Manhattan",
        "cuisine" : "Vietnamese/Cambodian/Malaysia",
        "grades" : [
                {
                        "date" : ISODate("2014-08-01T00:00:00Z"),
                        "grade" : "A",
                        "score" : 9
                },
                {
                        "date" : ISODate("2014-02-11T00:00:00Z"),
                        "grade" : "A",
                        "score" : 13
                },
                {
                        "date" : ISODate("2013-01-24T00:00:00Z"),
                        "grade" : "A",
                        "score" : 12
                },
                {
                        "date" : ISODate("2012-06-22T00:00:00Z"),
                        "grade" : "A",
                        "score" : 5
                },
                {
                        "date" : ISODate("2012-01-18T00:00:00Z"),
                        "grade" : "A",
                        "score" : 2
                }
        ],
        "name" : "Saigon Vietnamese Sandwich",
        "restaurant_id" : "41254832"
}
{
        "_id" : ObjectId("636c96531a9a6f4f9d25059b"),
        "address" : {
                "building" : "82-90",
                "coord" : [
                        -73.8848687,
                        40.743896
                ],
                "street" : "Broadway",
                "zipcode" : "11373"
        },
        "borough" : "Queens",
        "cuisine" : "Vietnamese/Cambodian/Malaysia",
        "grades" : [
                {
                        "date" : ISODate("2014-07-02T00:00:00Z"),
                        "grade" : "B",
                        "score" : 26
                },
                {
                        "date" : ISODate("2013-10-23T00:00:00Z"),
                        "grade" : "B",
                        "score" : 18
                },
                {
                        "date" : ISODate("2013-05-30T00:00:00Z"),
                        "grade" : "B",
                        "score" : 22
                },
                {
                        "date" : ISODate("2012-12-18T00:00:00Z"),
                        "grade" : "A",
                        "score" : 7
                },
                {
                        "date" : ISODate("2012-09-04T00:00:00Z"),
                        "grade" : "C",
                        "score" : 10
                },
                {
                        "date" : ISODate("2012-02-24T00:00:00Z"),
                        "grade" : "B",
                        "score" : 17
                }
        ],
        "name" : "Pho Bang Restaurant",
        "restaurant_id" : "41338955"
}
{
        "_id" : ObjectId("636c96531a9a6f4f9d2507c8"),
        "address" : {
                "building" : "102",
                "coord" : [
                        -73.99543899999999,
                        40.717846
                ],
                "street" : "Bowery",
                "zipcode" : "10013"
        },
        "borough" : "Manhattan",
        "cuisine" : "Vietnamese/Cambodian/Malaysia",
        "grades" : [
                {
                        "date" : ISODate("2014-12-20T00:00:00Z"),
                        "grade" : "A",
                        "score" : 13
                },
                {
                        "date" : ISODate("2014-07-08T00:00:00Z"),
                        "grade" : "A",
                        "score" : 11
                },
                {
                        "date" : ISODate("2013-11-25T00:00:00Z"),
                        "grade" : "A",
                        "score" : 6
                },
                {
                        "date" : ISODate("2013-04-04T00:00:00Z"),
                        "grade" : "B",
                        "score" : 15
                },
                {
                        "date" : ISODate("2012-08-21T00:00:00Z"),
                        "grade" : "A",
                        "score" : 13
                },
                {
                        "date" : ISODate("2012-03-22T00:00:00Z"),
                        "grade" : "A",
                        "score" : 13
                }
        ],
        "name" : "New Tu Do Restaurant",
        "restaurant_id" : "41374711"
}
{
        "_id" : ObjectId("636c96531a9a6f4f9d2507ca"),
        "address" : {
                "building" : "277",
                "coord" : [
                        -73.9927639,
                        40.717627
                ],
                "street" : "Grand Street",
                "zipcode" : "10002"
        },
        "borough" : "Manhattan",
        "cuisine" : "Vietnamese/Cambodian/Malaysia",
        "grades" : [
                {
                        "date" : ISODate("2014-04-09T00:00:00Z"),
                        "grade" : "A",
                        "score" : 12
                },
                {
                        "date" : ISODate("2013-09-09T00:00:00Z"),
                        "grade" : "A",
                        "score" : 10
                },
                {
                        "date" : ISODate("2013-04-24T00:00:00Z"),
                        "grade" : "C",
                        "score" : 0
                },
                {
                        "date" : ISODate("2012-06-22T00:00:00Z"),
                        "grade" : "A",
                        "score" : 12
                },
                {
                        "date" : ISODate("2011-11-18T00:00:00Z"),
                        "grade" : "A",
                        "score" : 11
                },
                {
                        "date" : ISODate("2011-04-20T00:00:00Z"),
                        "grade" : "B",
                        "score" : 15
                }
        ],
        "name" : "Pho Grand",
        "restaurant_id" : "41375457"
}
{
        "_id" : ObjectId("636c96531a9a6f4f9d250821"),
        "address" : {
                "building" : "3802",
                "coord" : [
                        -73.83283279999999,
                        40.7600184
                ],
                "street" : "Prince Street",
                "zipcode" : "11354"
        },
        "borough" : "Queens",
        "cuisine" : "Vietnamese/Cambodian/Malaysia",
        "grades" : [
                {
                        "date" : ISODate("2014-06-02T00:00:00Z"),
                        "grade" : "A",
                        "score" : 9
                },
                {
                        "date" : ISODate("2013-12-03T00:00:00Z"),
                        "grade" : "A",
                        "score" : 11
                },
                {
                        "date" : ISODate("2012-07-19T00:00:00Z"),
                        "grade" : "A",
                        "score" : 7
                },
                {
                        "date" : ISODate("2012-03-06T00:00:00Z"),
                        "grade" : "A",
                        "score" : 9
                }
        ],
        "name" : "Pho Vietnamese Restaurant",
        "restaurant_id" : "41379217"
}
{
        "_id" : ObjectId("636c96531a9a6f4f9d2508ca"),
        "address" : {
                "building" : "85",
                "coord" : [
                        -73.9904772,
                        40.7179481
                ],
                "street" : "Orchard Street",
                "zipcode" : "10002"
        },
        "borough" : "Manhattan",
        "cuisine" : "Vietnamese/Cambodian/Malaysia",
        "grades" : [
                {
                        "date" : ISODate("2014-12-18T00:00:00Z"),
                        "grade" : "A",
                        "score" : 5
                },
                {
                        "date" : ISODate("2013-12-03T00:00:00Z"),
                        "grade" : "A",
                        "score" : 4
                },
                {
                        "date" : ISODate("2013-06-19T00:00:00Z"),
                        "grade" : "A",
                        "score" : 9
                },
                {
                        "date" : ISODate("2012-11-21T00:00:00Z"),
                        "grade" : "B",
                        "score" : 20
                },
                {
                        "date" : ISODate("2012-05-09T00:00:00Z"),
                        "grade" : "A",
                        "score" : 9
                }
        ],
        "name" : "An Choi",
        "restaurant_id" : "41386399"
}
{
        "_id" : ObjectId("636c96531a9a6f4f9d250b37"),
        "address" : {
                "building" : "120",
                "coord" : [
                        -74.005578,
                        40.732983
                ],
                "street" : "Christopher Street",
                "zipcode" : "10014"
        },
        "borough" : "Manhattan",
        "cuisine" : "Vietnamese/Cambodian/Malaysia",
        "grades" : [
                {
                        "date" : ISODate("2014-09-16T00:00:00Z"),
                        "grade" : "A",
                        "score" : 13
                },
                {
                        "date" : ISODate("2014-04-28T00:00:00Z"),
                        "grade" : "C",
                        "score" : 2
                },
                {
                        "date" : ISODate("2013-02-28T00:00:00Z"),
                        "grade" : "A",
                        "score" : 10
                },
                {
                        "date" : ISODate("2012-10-19T00:00:00Z"),
                        "grade" : "C",
                        "score" : 5
                },
                {
                        "date" : ISODate("2012-05-02T00:00:00Z"),
                        "grade" : "B",
                        "score" : 20
                },
                {
                        "date" : ISODate("2011-11-14T00:00:00Z"),
                        "grade" : "A",
                        "score" : 7
                }
        ],
        "name" : "Baoguette Pho Sure",
        "restaurant_id" : "41414673"
}
Type "it" for more
> db.restaurent.find({cuisine:{$ne:'American'},'grades.grade':'A',"borough":{$ne:'Brooklyn'}}).sort({cuisine:-1}).limit(3).skip(10000).pretty();
{
        "_id" : ObjectId("636c96531a9a6f4f9d24f07a"),
        "address" : {
                "building" : "1221",
                "coord" : [
                        -73.962367,
                        40.7637492
                ],
                "street" : "2 Avenue",
                "zipcode" : "10065"
        },
        "borough" : "Manhattan",
        "cuisine" : "Chinese",
        "grades" : [
                {
                        "date" : ISODate("2014-07-09T00:00:00Z"),
                        "grade" : "A",
                        "score" : 13
                },
                {
                        "date" : ISODate("2014-01-28T00:00:00Z"),
                        "grade" : "A",
                        "score" : 10
                },
                {
                        "date" : ISODate("2013-04-30T00:00:00Z"),
                        "grade" : "A",
                        "score" : 12
                },
                {
                        "date" : ISODate("2012-10-25T00:00:00Z"),
                        "grade" : "A",
                        "score" : 12
                },
                {
                        "date" : ISODate("2012-10-02T00:00:00Z"),
                        "grade" : "P",
                        "score" : 10
                },
                {
                        "date" : ISODate("2012-02-09T00:00:00Z"),
                        "grade" : "B",
                        "score" : 16
                },
                {
                        "date" : ISODate("2011-07-20T00:00:00Z"),
                        "grade" : "A",
                        "score" : 10
                }
        ],
        "name" : "China Fun",
        "restaurant_id" : "40793323"
}
{
        "_id" : ObjectId("636c96541a9a6f4f9d253c10"),
        "address" : {
                "building" : "2432",
                "coord" : [
                        -73.85202129999999,
                        40.8423862
                ],
                "street" : "East Tremont Avenue",
                "zipcode" : "10461"
        },
        "borough" : "Bronx",
        "cuisine" : "Chinese",
        "grades" : [
                {
                        "date" : ISODate("2014-06-02T00:00:00Z"),
                        "grade" : "A",
                        "score" : 5
                }
        ],
        "name" : "2432 Peking House Inc",
        "restaurant_id" : "50010420"
}
{
        "_id" : ObjectId("636c96531a9a6f4f9d2513d5"),
        "address" : {
                "building" : "80-24",
                "coord" : [
                        -73.8865556,
                        40.7552815
                ],
                "street" : "Northern Boulevard",
                "zipcode" : "11372"
        },
        "borough" : "Queens",
        "cuisine" : "Chinese",
        "grades" : [
                {
                        "date" : ISODate("2014-10-09T00:00:00Z"),
                        "grade" : "A",
                        "score" : 8
                },
                {
                        "date" : ISODate("2014-05-10T00:00:00Z"),
                        "grade" : "A",
                        "score" : 10
                },
                {
                        "date" : ISODate("2013-03-07T00:00:00Z"),
                        "grade" : "A",
                        "score" : 6
                },
                {
                        "date" : ISODate("2012-06-25T00:00:00Z"),
                        "grade" : "B",
                        "score" : 25
                },
                {
                        "date" : ISODate("2012-01-09T00:00:00Z"),
                        "grade" : "A",
                        "score" : 7
                }
        ],
        "name" : "East Star Restaurant",
        "restaurant_id" : "41526041"
}
> db.movie.find({name:'paa'});
{ "_id" : ObjectId("5ca456072952ebdd7ae2a930"), "name" : "paa", "actor" : [ "Amitabh", "vidya balan", "Abhishek", "xxx", "yyy", "zzz" ], "rating" : 7, "price" : 415.14400000000006, "ticket_no" : 240, "others" : { "director" : "R Balki", "songs" : "Amit trivedi" }, "lastchange" : ISODate("2023-04-16T04:36:58.507Z") }
> db.movie.find({name:'paa'}).pretty();
{
        "_id" : ObjectId("5ca456072952ebdd7ae2a930"),
        "name" : "paa",
        "actor" : [
                "Amitabh",
                "vidya balan",
                "Abhishek",
                "xxx",
                "yyy",
                "zzz"
        ],
        "rating" : 7,
        "price" : 415.14400000000006,
        "ticket_no" : 240,
        "others" : {
                "director" : "R Balki",
                "songs" : "Amit trivedi"
        },
        "lastchange" : ISODate("2023-04-16T04:36:58.507Z")
}
> db.movie.update({name:'paa'}, {$push:{actor:{$each:['yyy','zzz']}}})
WriteResult({ "nMatched" : 1, "nUpserted" : 0, "nModified" : 1 })
> db.movie.find({name:'paa'}).pretty();
{
        "_id" : ObjectId("5ca456072952ebdd7ae2a930"),
        "name" : "paa",
        "actor" : [
                "Amitabh",
                "vidya balan",
                "Abhishek",
                "xxx",
                "yyy",
                "zzz",
                "yyy",
                "zzz"
        ],
        "rating" : 7,
        "price" : 415.14400000000006,
        "ticket_no" : 240,
        "others" : {
                "director" : "R Balki",
                "songs" : "Amit trivedi"
        },
        "lastchange" : ISODate("2023-04-16T04:36:58.507Z")
}
> db.movie.update({name:'paa'}, {$push:{actor:{$each:['yyy','zzz'],$position:1}}});
WriteResult({ "nMatched" : 1, "nUpserted" : 0, "nModified" : 1 })
> db.movie.find({name:'paa'}).pretty();
{
        "_id" : ObjectId("5ca456072952ebdd7ae2a930"),
        "name" : "paa",
        "actor" : [
                "Amitabh",
                "yyy",
                "zzz",
                "vidya balan",
                "Abhishek",
                "xxx",
                "yyy",
                "zzz",
                "yyy",
                "zzz"
        ],
        "rating" : 7,
        "price" : 415.14400000000006,
        "ticket_no" : 240,
        "others" : {
                "director" : "R Balki",
                "songs" : "Amit trivedi"
        },
        "lastchange" : ISODate("2023-04-16T04:36:58.507Z")
}
> db.movie.update({name:'paa'},
... {$push:{actor:{$each:['kkk'],$position:3}}})
WriteResult({ "nMatched" : 1, "nUpserted" : 0, "nModified" : 1 })
> db.movie.find({name:'paa'}).pretty();
{
        "_id" : ObjectId("5ca456072952ebdd7ae2a930"),
        "name" : "paa",
        "actor" : [
                "Amitabh",
                "yyy",
                "zzz",
                "kkk",
                "vidya balan",
                "Abhishek",
                "xxx",
                "yyy",
                "zzz",
                "yyy",
                "zzz"
        ],
        "rating" : 7,
        "price" : 415.14400000000006,
        "ticket_no" : 240,
        "others" : {
                "director" : "R Balki",
                "songs" : "Amit trivedi"
        },
        "lastchange" : ISODate("2023-04-16T04:36:58.507Z")
}
> db.movie.update({name:'paa'},{$pop:{actor:1}})
WriteResult({ "nMatched" : 1, "nUpserted" : 0, "nModified" : 1 })
> db.movie.find({name:'paa'}).pretty();
{
        "_id" : ObjectId("5ca456072952ebdd7ae2a930"),
        "name" : "paa",
        "actor" : [
                "Amitabh",
                "yyy",
                "zzz",
                "kkk",
                "vidya balan",
                "Abhishek",
                "xxx",
                "yyy",
                "zzz",
                "yyy"
        ],
        "rating" : 7,
        "price" : 415.14400000000006,
        "ticket_no" : 240,
        "others" : {
                "director" : "R Balki",
                "songs" : "Amit trivedi"
        },
        "lastchange" : ISODate("2023-04-16T04:36:58.507Z")
}
> db.movie.update({name:'paa'},{$pop:{actor:-1}})
WriteResult({ "nMatched" : 1, "nUpserted" : 0, "nModified" : 1 })
> db.movie.find({name:'paa'}).pretty();
{
        "_id" : ObjectId("5ca456072952ebdd7ae2a930"),
        "name" : "paa",
        "actor" : [
                "yyy",
                "zzz",
                "kkk",
                "vidya balan",
                "Abhishek",
                "xxx",
                "yyy",
                "zzz",
                "yyy"
        ],
        "rating" : 7,
        "price" : 415.14400000000006,
        "ticket_no" : 240,
        "others" : {
                "director" : "R Balki",
                "songs" : "Amit trivedi"
        },
        "lastchange" : ISODate("2023-04-16T04:36:58.507Z")
}
> db.movie.update({name:'paa'},{$push:{actor:{$each:['Amitabh'],$position:0}}})
WriteResult({ "nMatched" : 1, "nUpserted" : 0, "nModified" : 1 })
> db.movie.find({name:'paa'}).pretty();
{
        "_id" : ObjectId("5ca456072952ebdd7ae2a930"),
        "name" : "paa",
        "actor" : [
                "Amitabh",
                "yyy",
                "zzz",
                "kkk",
                "vidya balan",
                "Abhishek",
                "xxx",
                "yyy",
                "zzz",
                "yyy"
        ],
        "rating" : 7,
        "price" : 415.14400000000006,
        "ticket_no" : 240,
        "others" : {
                "director" : "R Balki",
                "songs" : "Amit trivedi"
        },
        "lastchange" : ISODate("2023-04-16T04:36:58.507Z")
}
> db.movie.update({name:'paa'},{$pull:{actor:'yyy'}})
WriteResult({ "nMatched" : 1, "nUpserted" : 0, "nModified" : 1 })
> db.movie.find({name:'paa'}).pretty();
{
        "_id" : ObjectId("5ca456072952ebdd7ae2a930"),
        "name" : "paa",
        "actor" : [
                "Amitabh",
                "zzz",
                "kkk",
                "vidya balan",
                "Abhishek",
                "xxx",
                "zzz"
        ],
        "rating" : 7,
        "price" : 415.14400000000006,
        "ticket_no" : 240,
        "others" : {
                "director" : "R Balki",
                "songs" : "Amit trivedi"
        },
        "lastchange" : ISODate("2023-04-16T04:36:58.507Z")
}
> db.movie.update({name:'paa'},{$pull:{actor:{$in:['xxx','yyy','zzz']}}});
WriteResult({ "nMatched" : 1, "nUpserted" : 0, "nModified" : 1 })
> db.movie.find({name:'paa'}).pretty();
{
        "_id" : ObjectId("5ca456072952ebdd7ae2a930"),
        "name" : "paa",
        "actor" : [
                "Amitabh",
                "kkk",
                "vidya balan",
                "Abhishek"
        ],
        "rating" : 7,
        "price" : 415.14400000000006,
        "ticket_no" : 240,
        "others" : {
                "director" : "R Balki",
                "songs" : "Amit trivedi"
        },
        "lastchange" : ISODate("2023-04-16T04:36:58.507Z")
}
> db.student.find().pretty();
{
        "_id" : ObjectId("636dec96f84de079f3ddea32"),
        "name" : "Rajan",
        "marks" : [
                103,
                101,
                95
        ]
}
{
        "_id" : ObjectId("636decacf84de079f3ddea33"),
        "name" : "Revati",
        "marks" : [
                101,
                99,
                93
        ]
}
{
        "_id" : ObjectId("636decc0f84de079f3ddea34"),
        "name" : "Isha",
        "marks" : [
                86,
                90,
                93
        ]
}
{
        "_id" : ObjectId("636decd8f84de079f3ddea35"),
        "name" : "Atharava",
        "marks" : [
                86,
                91,
                95
        ]
}
{ "_id" : ObjectId("6382fc88e301dc08f39fe128"), "name" : "Rajesh" }
> db.student.update({name:'Rajesh'},{$push:{marks:{$each:[89,97,95]}}},{multi:true})
WriteResult({ "nMatched" : 1, "nUpserted" : 0, "nModified" : 1 })
> db.student.find().pretty();
{
        "_id" : ObjectId("636dec96f84de079f3ddea32"),
        "name" : "Rajan",
        "marks" : [
                103,
                101,
                95
        ]
}
{
        "_id" : ObjectId("636decacf84de079f3ddea33"),
        "name" : "Revati",
        "marks" : [
                101,
                99,
                93
        ]
}
{
        "_id" : ObjectId("636decc0f84de079f3ddea34"),
        "name" : "Isha",
        "marks" : [
                86,
                90,
                93
        ]
}
{
        "_id" : ObjectId("636decd8f84de079f3ddea35"),
        "name" : "Atharava",
        "marks" : [
                86,
                91,
                95
        ]
}
{
        "_id" : ObjectId("6382fc88e301dc08f39fe128"),
        "name" : "Rajesh",
        "marks" : [
                89,
                97,
                95
        ]
}
> db.student.update({name:'Rajesh'},{$set:{rollno:23}}},{multi:true})
SyntaxError: missing ) after argument list :
@(shell):1:52
> db.student.update({name:'Rajesh'},{$set:{rollno:23}},{multi:true})
WriteResult({ "nMatched" : 1, "nUpserted" : 0, "nModified" : 1 })
> db.student.find().pretty();
{
        "_id" : ObjectId("636dec96f84de079f3ddea32"),
        "name" : "Rajan",
        "marks" : [
                103,
                101,
                95
        ]
}
{
        "_id" : ObjectId("636decacf84de079f3ddea33"),
        "name" : "Revati",
        "marks" : [
                101,
                99,
                93
        ]
}
{
        "_id" : ObjectId("636decc0f84de079f3ddea34"),
        "name" : "Isha",
        "marks" : [
                86,
                90,
                93
        ]
}
{
        "_id" : ObjectId("636decd8f84de079f3ddea35"),
        "name" : "Atharava",
        "marks" : [
                86,
                91,
                95
        ]
}
{
        "_id" : ObjectId("6382fc88e301dc08f39fe128"),
        "name" : "Rajesh",
        "marks" : [
                89,
                97,
                95
        ],
        "rollno" : 23
}
> db.student.find({marks:{$gt:93}})
{ "_id" : ObjectId("636dec96f84de079f3ddea32"), "name" : "Rajan", "marks" : [ 103, 101, 95 ] }
{ "_id" : ObjectId("636decacf84de079f3ddea33"), "name" : "Revati", "marks" : [ 101, 99, 93 ] }
{ "_id" : ObjectId("636decd8f84de079f3ddea35"), "name" : "Atharava", "marks" : [ 86, 91, 95 ] }
{ "_id" : ObjectId("6382fc88e301dc08f39fe128"), "name" : "Rajesh", "marks" : [ 89, 97, 95 ], "rollno" : 23 }
> db.student.find({marks:{$gt:93}}).pretty();
{
        "_id" : ObjectId("636dec96f84de079f3ddea32"),
        "name" : "Rajan",
        "marks" : [
                103,
                101,
                95
        ]
}
{
        "_id" : ObjectId("636decacf84de079f3ddea33"),
        "name" : "Revati",
        "marks" : [
                101,
                99,
                93
        ]
}
{
        "_id" : ObjectId("636decd8f84de079f3ddea35"),
        "name" : "Atharava",
        "marks" : [
                86,
                91,
                95
        ]
}
{
        "_id" : ObjectId("6382fc88e301dc08f39fe128"),
        "name" : "Rajesh",
        "marks" : [
                89,
                97,
                95
        ],
        "rollno" : 23
}
> db.student.find({name:/^R/}).pretty();
{
        "_id" : ObjectId("636dec96f84de079f3ddea32"),
        "name" : "Rajan",
        "marks" : [
                103,
                101,
                95
        ]
}
{
        "_id" : ObjectId("636decacf84de079f3ddea33"),
        "name" : "Revati",
        "marks" : [
                101,
                99,
                93
        ]
}
{
        "_id" : ObjectId("6382fc88e301dc08f39fe128"),
        "name" : "Rajesh",
        "marks" : [
                89,
                97,
                95
        ],
        "rollno" : 23
}
> db.student.update({name:/^R/},{$inc:{marks:3}},{multi:true});
WriteResult({
        "nMatched" : 0,
        "nUpserted" : 0,
        "nModified" : 0,
        "writeError" : {
                "code" : 14,
                "errmsg" : "Cannot apply $inc to a value of non-numeric type. {_id: ObjectId('636dec96f84de079f3ddea32')} has the field 'marks' of non-numeric type array"
        }
})
> db.student.update({name:/^R/},{$inc:{marks.$[]:3}},{multi:true});
SyntaxError: missing : after property id :
@(shell):1:42
> db.student.update({name:/^R/},{$inc:{'marks.$[]':3}},{multi:true});
WriteResult({ "nMatched" : 3, "nUpserted" : 0, "nModified" : 3 })
> db.student.find({name:/^R/}).pretty();
{
        "_id" : ObjectId("636dec96f84de079f3ddea32"),
        "name" : "Rajan",
        "marks" : [
                106,
                104,
                98
        ]
}
{
        "_id" : ObjectId("636decacf84de079f3ddea33"),
        "name" : "Revati",
        "marks" : [
                104,
                102,
                96
        ]
}
{
        "_id" : ObjectId("6382fc88e301dc08f39fe128"),
        "name" : "Rajesh",
        "marks" : [
                92,
                100,
                98
        ],
        "rollno" : 23
}
> db.student.update({name:/^R/,marks:{$gt:99}},{$inc:{'marks.$':3}},{multi:true});
WriteResult({ "nMatched" : 3, "nUpserted" : 0, "nModified" : 3 })
> db.student.find({name:/^R/}).pretty();
{
        "_id" : ObjectId("636dec96f84de079f3ddea32"),
        "name" : "Rajan",
        "marks" : [
                109,
                104,
                98
        ]
}
{
        "_id" : ObjectId("636decacf84de079f3ddea33"),
        "name" : "Revati",
        "marks" : [
                107,
                102,
                96
        ]
}
{
        "_id" : ObjectId("6382fc88e301dc08f39fe128"),
        "name" : "Rajesh",
        "marks" : [
                92,
                103,
                98
        ],
        "rollno" : 23
}
> db.student.update({name:/^R/},{$inc:{'marks.2':-3}},{multi:true});
WriteResult({ "nMatched" : 3, "nUpserted" : 0, "nModified" : 3 })
> db.student.find({name:/^R/}).pretty();
{
        "_id" : ObjectId("636dec96f84de079f3ddea32"),
        "name" : "Rajan",
        "marks" : [
                109,
                104,
                95
        ]
}
{
        "_id" : ObjectId("636decacf84de079f3ddea33"),
        "name" : "Revati",
        "marks" : [
                107,
                102,
                93
        ]
}
{
        "_id" : ObjectId("6382fc88e301dc08f39fe128"),
        "name" : "Rajesh",
        "marks" : [
                92,
                103,
                95
        ],
        "rollno" : 23
}
> db.student.update({name:/^R/},{$inc:{'marks.$[elem]':3}},{multi:true,arrayFilters:[{elem:{$gt:99}}]});
WriteResult({ "nMatched" : 3, "nUpserted" : 0, "nModified" : 3 })
> db.student.find({name:/^R/}).pretty();
{
        "_id" : ObjectId("636dec96f84de079f3ddea32"),
        "name" : "Rajan",
        "marks" : [
                112,
                107,
                95
        ]
}
{
        "_id" : ObjectId("636decacf84de079f3ddea33"),
        "name" : "Revati",
        "marks" : [
                110,
                105,
                93
        ]
}
{
        "_id" : ObjectId("6382fc88e301dc08f39fe128"),
        "name" : "Rajesh",
        "marks" : [
                92,
                106,
                95
        ],
        "rollno" : 23
}
> db.movie.find({name:'Saudager'});
> db.movie.update({name:'Saudager'},{$inc:{rating:3,ticket_no:45},$set:{price:250}});
WriteResult({ "nMatched" : 0, "nUpserted" : 0, "nModified" : 0 })
> db.movie.update({name:'Saudager'},{$inc:{rating:3,ticket_no:45},$set:{price:250}},{upsert:true});
WriteResult({
        "nMatched" : 0,
        "nUpserted" : 1,
        "nModified" : 0,
        "_id" : ObjectId("643b9e9bb7c946a5acbfef55")
})
> db.movie.find({name:'Saudager'});
{ "_id" : ObjectId("643b9e9bb7c946a5acbfef55"), "name" : "Saudager", "price" : 250, "rating" : 3, "ticket_no" : 45 }
> db.movie.find({name:'Saudager'}).pretty();
{
        "_id" : ObjectId("643b9e9bb7c946a5acbfef55"),
        "name" : "Saudager",
        "price" : 250,
        "rating" : 3,
        "ticket_no" : 45
}
> db.movie.update({name:'Saudager'},{$inc:{rating:3,ticket_no:45},$set:{price:300}},{upsert:true});
WriteResult({ "nMatched" : 1, "nUpserted" : 0, "nModified" : 1 })
> db.movie.find({name:'Saudager'}).pretty();
{
        "_id" : ObjectId("643b9e9bb7c946a5acbfef55"),
        "name" : "Saudager",
        "price" : 300,
        "rating" : 6,
        "ticket_no" : 90
}
> db.movie.getIndexes()
[ { "v" : 2, "key" : { "_id" : 1 }, "name" : "_id_" } ]
> db.movie.createIndex({rating:-1})
{
        "numIndexesBefore" : 1,
        "numIndexesAfter" : 2,
        "createdCollectionAutomatically" : false,
        "ok" : 1
}
> db.movie.getIndexes()
[
        {
                "v" : 2,
                "key" : {
                        "_id" : 1
                },
                "name" : "_id_"
        },
        {
                "v" : 2,
                "key" : {
                        "rating" : -1
                },
                "name" : "rating_-1"
        }
]
> db.movie.createIndex({rating:1,price:1})
{
        "numIndexesBefore" : 2,
        "numIndexesAfter" : 3,
        "createdCollectionAutomatically" : false,
        "ok" : 1
}
> db.movie.getIndexes()
[
        {
                "v" : 2,
                "key" : {
                        "_id" : 1
                },
                "name" : "_id_"
        },
        {
                "v" : 2,
                "key" : {
                        "rating" : -1
                },
                "name" : "rating_-1"
        },
        {
                "v" : 2,
                "key" : {
                        "rating" : 1,
                        "price" : 1
                },
                "name" : "rating_1_price_1"
        }
]
> db.movie.dropIndex("rating_1_price_1")
{ "nIndexesWas" : 3, "ok" : 1 }
> db.movie.getIndexes()
[
        {
                "v" : 2,
                "key" : {
                        "_id" : 1
                },
                "name" : "_id_"
        },
        {
                "v" : 2,
                "key" : {
                        "rating" : -1
                },
                "name" : "rating_-1"
        }
]